 TestApp1_d

 Timestamp is 599abe09 (Mon Aug 21 19:03:37 2017)

 Preferred load address is 00400000

 Start         Length     Name                   Class
 0001:00000000 000456b2H .text                   CODE
 0001:000456c0 00000403H .text$x                 CODE
 0001:00045ad0 0000023bH .text$yc                CODE
 0001:00045d10 00000071H .text$yd                CODE
 0002:00000000 0000062cH .idata$5                DATA
 0002:0000062c 00000004H .CRT$XCA                DATA
 0002:00000630 0000000cH .CRT$XCU                DATA
 0002:0000063c 00000004H .CRT$XCZ                DATA
 0002:00000640 00000004H .CRT$XIA                DATA
 0002:00000644 00000010H .CRT$XIC                DATA
 0002:00000654 00000004H .CRT$XIY                DATA
 0002:00000658 00000004H .CRT$XIZ                DATA
 0002:0000065c 00000004H .CRT$XPA                DATA
 0002:00000660 00000008H .CRT$XPX                DATA
 0002:00000668 00000004H .CRT$XPXA               DATA
 0002:0000066c 00000004H .CRT$XPZ                DATA
 0002:00000670 00000004H .CRT$XTA                DATA
 0002:00000674 00000004H .CRT$XTZ                DATA
 0002:00000680 0000d0f8H .rdata                  DATA
 0002:0000d778 00000065H .rdata$debug            DATA
 0002:0000d7e0 000009ccH .rdata$r                DATA
 0002:0000e1b0 00000054H .rdata$sxdata           DATA
 0002:0000e204 00000004H .rtc$IAA                DATA
 0002:0000e208 00000010H .rtc$IMZ                DATA
 0002:0000e218 00000004H .rtc$IZZ                DATA
 0002:0000e21c 00000004H .rtc$TAA                DATA
 0002:0000e220 00000010H .rtc$TMZ                DATA
 0002:0000e230 00000004H .rtc$TZZ                DATA
 0002:0000e238 00000f2cH .xdata$x                DATA
 0002:0000f164 00000064H .idata$2                DATA
 0002:0000f1c8 00000014H .idata$3                DATA
 0002:0000f1dc 0000062cH .idata$4                DATA
 0002:0000f808 00003da2H .idata$6                DATA
 0002:000135aa 00000000H .edata                  DATA
 0003:00000000 00001390H .data                   DATA
 0003:000013a0 00001f84H .bss                    DATA

  Address         Publics by Value              Rva+Base       Lib:Object

 0000:00000000       __except_list              00000000     <absolute>
 0000:00000015       ___safe_se_handler_count   00000015     <absolute>
 0000:00000000       ___ImageBase               00400000     <linker-defined>
 0001:00000000       ??0CListUIEx@@QAE@XZ       00401000 f   ListEx.obj
 0001:00000060       ??1CListUIEx@@UAE@XZ       00401060 f   ListEx.obj
 0001:000000c0       ?InsertColumn@CListUIEx@@QAEHHPBDIH@Z 004010c0 f   ListEx.obj
 0001:00000290       ?InsertColumn@CListUIEx@@QAEHHPAVCListHeaderItemUI@DuiLib@@@Z 00401290 f   ListEx.obj
 0001:00000360       ?SetHeaderItemData@CListUIEx@@QAEHHPAVCControlUI@DuiLib@@@Z 00401360 f   ListEx.obj
 0001:00000400       ?InsertItem@CListUIEx@@QAEHHH@Z 00401400 f   ListEx.obj
 0001:00000630       ?InsertItem@CListUIEx@@QAEHHHPAVCListContainerElementUI@DuiLib@@@Z 00401630 f   ListEx.obj
 0001:00000710       ?SetItemData@CListUIEx@@QAEXHHPBD0@Z 00401710 f   ListEx.obj
 0001:00000850       ?SetItemData@CListUIEx@@QAEXHHPAVCControlUI@DuiLib@@@Z 00401850 f   ListEx.obj
 0001:000008e0       ?GetListItem@CListUIEx@@QAEPAVCListContainerElementUI@DuiLib@@H@Z 004018e0 f   ListEx.obj
 0001:00000920       ?GetListSubItem@CListUIEx@@QAEPAVCHorizontalLayoutUI@DuiLib@@HH@Z 00401920 f   ListEx.obj
 0001:000009a0       ??_ECListUIEx@@UAEPAXI@Z   004019a0 f i ListEx.obj
 0001:000009a0       ??_GCListUIEx@@UAEPAXI@Z   004019a0 f i ListEx.obj
 0001:000009e0       ??_ECListHeaderItemUI@DuiLib@@UAEPAXI@Z 004019e0 f i ListEx.obj
 0001:000009e0       ??_GCListHeaderItemUI@DuiLib@@UAEPAXI@Z 004019e0 f i ListEx.obj
 0001:00000a30       ??_GCListContainerElementUI@DuiLib@@UAEPAXI@Z 00401a30 f i ListEx.obj
 0001:00000a30       ??_ECListContainerElementUI@DuiLib@@UAEPAXI@Z 00401a30 f i ListEx.obj
 0001:00000a80       ??_ECHorizontalLayoutUI@DuiLib@@UAEPAXI@Z 00401a80 f i ListEx.obj
 0001:00000a80       ??_GCHorizontalLayoutUI@DuiLib@@UAEPAXI@Z 00401a80 f i ListEx.obj
 0001:00000ad0       ??_ECLabelUI@DuiLib@@UAEPAXI@Z 00401ad0 f i ListEx.obj
 0001:00000ad0       ??_GCLabelUI@DuiLib@@UAEPAXI@Z 00401ad0 f i ListEx.obj
 0001:00000b20       ?DoEvent@CListUI@DuiLib@@WDDE@AEXAAUtagTEventUI@2@@Z 00401b20 f i ListEx.obj
 0001:00000b30       _WinMain@16                00401b30 f   ListExMain.obj
 0001:00000c60       ?IsNumber@@YAHPBDH@Z       00401c60 f   ListExMainWnd.obj
 0001:00000cd0       ?SortCompare@@YGHPBD0@Z    00401cd0 f   ListExMainWnd.obj
 0001:00000fb0       ?_GetBaseMessageMap@CListExMainWnd@@KGPBUDUI_MSGMAP@DuiLib@@XZ 00401fb0 f   ListExMainWnd.obj
 0001:00000fc0       ?GetMessageMap@CListExMainWnd@@MBEPBUDUI_MSGMAP@DuiLib@@XZ 00401fc0 f   ListExMainWnd.obj
 0001:00000fe0       ??0CListExMainWnd@@QAE@XZ  00401fe0 f   ListExMainWnd.obj
 0001:00001050       ??1CListExMainWnd@@UAE@XZ  00402050 f   ListExMainWnd.obj
 0001:000010c0       ?OnFinalMessage@CListExMainWnd@@UAEXPAUHWND__@@@Z 004020c0 f   ListExMainWnd.obj
 0001:00001140       ?GetSkinFolder@CListExMainWnd@@UAE?AVCDuiString@DuiLib@@XZ 00402140 f   ListExMainWnd.obj
 0001:000011a0       ?GetSkinFile@CListExMainWnd@@UAE?AVCDuiString@DuiLib@@XZ 004021a0 f   ListExMainWnd.obj
 0001:00001200       ?GetResourceType@CListExMainWnd@@UBE?AW4UILIB_RESOURCETYPE@DuiLib@@XZ 00402200 f   ListExMainWnd.obj
 0001:00001220       ?GetWindowClassName@CListExMainWnd@@UBEPBDXZ 00402220 f   ListExMainWnd.obj
 0001:00001240       ?GetClassStyle@CListExMainWnd@@UBEIXZ 00402240 f   ListExMainWnd.obj
 0001:00001260       ?Notify@CListExMainWnd@@UAEXAAUtagTNotifyUI@DuiLib@@@Z 00402260 f   ListExMainWnd.obj
 0001:000012e0       ?OnClick@CListExMainWnd@@MAEXAAUtagTNotifyUI@DuiLib@@@Z 004022e0 f   ListExMainWnd.obj
 0001:00001eb0       ?OnHeaderClick@CListExMainWnd@@MAEXAAUtagTNotifyUI@DuiLib@@@Z 00402eb0 f   ListExMainWnd.obj
 0001:00001fc0       ?InitWindow@CListExMainWnd@@UAEXXZ 00402fc0 f   ListExMainWnd.obj
 0001:000021f0       ?EnableBlurBehind@CListExMainWnd@@IAEJPAUHRGN__@@@Z 004031f0 f   ListExMainWnd.obj
 0001:00002210       ?ListSortItems@CListExMainWnd@@KGHIII@Z 00403210 f   ListExMainWnd.obj
 0001:00002220       ??_GCListExMainWnd@@UAEPAXI@Z 00403220 f i ListExMainWnd.obj
 0001:00002220       ??_ECListExMainWnd@@UAEPAXI@Z 00403220 f i ListExMainWnd.obj
 0001:00002260       ??_GCEditUI@DuiLib@@UAEPAXI@Z 00403260 f i ListExMainWnd.obj
 0001:00002260       ??_ECEditUI@DuiLib@@UAEPAXI@Z 00403260 f i ListExMainWnd.obj
 0001:000022b0       ??_ECButtonUI@DuiLib@@UAEPAXI@Z 004032b0 f i ListExMainWnd.obj
 0001:000022b0       ??_GCButtonUI@DuiLib@@UAEPAXI@Z 004032b0 f i ListExMainWnd.obj
 0001:00002300       ??_ECCheckBoxUI@DuiLib@@UAEPAXI@Z 00403300 f i ListExMainWnd.obj
 0001:00002300       ??_GCCheckBoxUI@DuiLib@@UAEPAXI@Z 00403300 f i ListExMainWnd.obj
 0001:00002350       __tcscmp                   00403350 f i ListExMainWnd.obj
 0001:00002370       __tcsicmp                  00403370 f i ListExMainWnd.obj
 0001:00002390       ??0STRINGorID@DuiLib@@QAE@PBD@Z 00403390 f i ListExMainWnd.obj
 0001:000023b0       ??1DUI_MSGMAP_ENTRY@DuiLib@@QAE@XZ 004033b0 f i ListExMainWnd.obj
 0001:00002430       ??_9CListExMainWnd@@$BII@AE 00403430 f i ListExMainWnd.obj
 0001:00002440       ??_9CListExMainWnd@@$BBM@AE 00403440 f i ListExMainWnd.obj
 0001:00002450       ??_H@YGXPAXIHP6EPAX0@Z@Z   00403450 f i StdAfx.obj
 0001:00002486       _MessageBoxA@16            00403486 f   user32:USER32.dll
 0001:0000248c       _PostQuitMessage@4         0040348c f   user32:USER32.dll
 0001:00002492       _GetWindowRect@8           00403492 f   user32:USER32.dll
 0001:00002498       _DeleteObject@4            00403498 f   gdi32:GDI32.dll
 0001:0000249e       _CreateRectRgn@16          0040349e f   gdi32:GDI32.dll
 0001:000024a4       _CoUninitialize@0          004034a4 f   ole32:ole32.dll
 0001:000024aa       _CoInitialize@4            004034aa f   ole32:ole32.dll
 0001:000024b0       ??0CListUI@DuiLib@@QAE@XZ  004034b0 f   duilib_d:DuiLib_d.dll
 0001:000024b6       ?GetName@CControlUI@DuiLib@@UBE?AVCDuiString@2@XZ 004034b6 f   duilib_d:DuiLib_d.dll
 0001:000024bc       ?SetName@CControlUI@DuiLib@@UAEXPBD@Z 004034bc f   duilib_d:DuiLib_d.dll
 0001:000024c2       ?GetClass@CListUI@DuiLib@@UBEPBDXZ 004034c2 f   duilib_d:DuiLib_d.dll
 0001:000024c8       ?GetInterface@CListUI@DuiLib@@UAEPAXPBD@Z 004034c8 f   duilib_d:DuiLib_d.dll
 0001:000024ce       ?GetControlFlags@CListUI@DuiLib@@UBEIXZ 004034ce f   duilib_d:DuiLib_d.dll
 0001:000024d4       ?Activate@CControlUI@DuiLib@@UAE_NXZ 004034d4 f   duilib_d:DuiLib_d.dll
 0001:000024da       ?GetManager@CControlUI@DuiLib@@UBEPAVCPaintManagerUI@2@XZ 004034da f   duilib_d:DuiLib_d.dll
 0001:000024e0       ?SetManager@CContainerUI@DuiLib@@UAEXPAVCPaintManagerUI@2@PAVCControlUI@2@_N@Z 004034e0 f   duilib_d:DuiLib_d.dll
 0001:000024e6       ?GetParent@CControlUI@DuiLib@@UBEPAV12@XZ 004034e6 f   duilib_d:DuiLib_d.dll
 0001:000024ec       ?GetText@CControlUI@DuiLib@@UBE?AVCDuiString@2@XZ 004034ec f   duilib_d:DuiLib_d.dll
 0001:000024f2       ?SetText@CControlUI@DuiLib@@UAEXPBD@Z 004034f2 f   duilib_d:DuiLib_d.dll
 0001:000024f8       ?GetPos@CControlUI@DuiLib@@UBEABUtagRECT@@XZ 004034f8 f   duilib_d:DuiLib_d.dll
 0001:000024fe       ?SetPos@CListUI@DuiLib@@UAEXUtagRECT@@@Z 004034fe f   duilib_d:DuiLib_d.dll
 0001:00002504       ?GetWidth@CControlUI@DuiLib@@UBEHXZ 00403504 f   duilib_d:DuiLib_d.dll
 0001:0000250a       ?GetHeight@CControlUI@DuiLib@@UBEHXZ 0040350a f   duilib_d:DuiLib_d.dll
 0001:00002510       ?GetX@CControlUI@DuiLib@@UBEHXZ 00403510 f   duilib_d:DuiLib_d.dll
 0001:00002516       ?GetY@CControlUI@DuiLib@@UBEHXZ 00403516 f   duilib_d:DuiLib_d.dll
 0001:0000251c       ?GetPadding@CControlUI@DuiLib@@UBE?AUtagRECT@@XZ 0040351c f   duilib_d:DuiLib_d.dll
 0001:00002522       ?SetPadding@CControlUI@DuiLib@@UAEXUtagRECT@@@Z 00403522 f   duilib_d:DuiLib_d.dll
 0001:00002528       ?GetFixedXY@CControlUI@DuiLib@@UBE?AUtagSIZE@@XZ 00403528 f   duilib_d:DuiLib_d.dll
 0001:0000252e       ?SetFixedXY@CControlUI@DuiLib@@UAEXUtagSIZE@@@Z 0040352e f   duilib_d:DuiLib_d.dll
 0001:00002534       ?GetFixedWidth@CControlUI@DuiLib@@UBEHXZ 00403534 f   duilib_d:DuiLib_d.dll
 0001:0000253a       ?SetFixedWidth@CControlUI@DuiLib@@UAEXH@Z 0040353a f   duilib_d:DuiLib_d.dll
 0001:00002540       ?GetFixedHeight@CControlUI@DuiLib@@UBEHXZ 00403540 f   duilib_d:DuiLib_d.dll
 0001:00002546       ?SetFixedHeight@CControlUI@DuiLib@@UAEXH@Z 00403546 f   duilib_d:DuiLib_d.dll
 0001:0000254c       ?GetMinWidth@CControlUI@DuiLib@@UBEHXZ 0040354c f   duilib_d:DuiLib_d.dll
 0001:00002552       ?SetMinWidth@CControlUI@DuiLib@@UAEXH@Z 00403552 f   duilib_d:DuiLib_d.dll
 0001:00002558       ?GetMaxWidth@CControlUI@DuiLib@@UBEHXZ 00403558 f   duilib_d:DuiLib_d.dll
 0001:0000255e       ?SetMaxWidth@CControlUI@DuiLib@@UAEXH@Z 0040355e f   duilib_d:DuiLib_d.dll
 0001:00002564       ?GetMinHeight@CControlUI@DuiLib@@UBEHXZ 00403564 f   duilib_d:DuiLib_d.dll
 0001:0000256a       ?SetMinHeight@CControlUI@DuiLib@@UAEXH@Z 0040356a f   duilib_d:DuiLib_d.dll
 0001:00002570       ?GetMaxHeight@CControlUI@DuiLib@@UBEHXZ 00403570 f   duilib_d:DuiLib_d.dll
 0001:00002576       ?SetMaxHeight@CControlUI@DuiLib@@UAEXH@Z 00403576 f   duilib_d:DuiLib_d.dll
 0001:0000257c       ?SetRelativePos@CControlUI@DuiLib@@UAEXUtagSIZE@@0@Z 0040357c f   duilib_d:DuiLib_d.dll
 0001:00002582       ?SetRelativeParentSize@CControlUI@DuiLib@@UAEXUtagSIZE@@@Z 00403582 f   duilib_d:DuiLib_d.dll
 0001:00002588       ?GetRelativePos@CControlUI@DuiLib@@UBE?AUtagTRelativePosUI@2@XZ 00403588 f   duilib_d:DuiLib_d.dll
 0001:0000258e       ?IsRelativePos@CControlUI@DuiLib@@UBE_NXZ 0040358e f   duilib_d:DuiLib_d.dll
 0001:00002594       ?GetToolTip@CControlUI@DuiLib@@UBE?AVCDuiString@2@XZ 00403594 f   duilib_d:DuiLib_d.dll
 0001:0000259a       ?SetToolTip@CControlUI@DuiLib@@UAEXPBD@Z 0040359a f   duilib_d:DuiLib_d.dll
 0001:000025a0       ?SetToolTipWidth@CControlUI@DuiLib@@UAEXH@Z 004035a0 f   duilib_d:DuiLib_d.dll
 0001:000025a6       ?GetToolTipWidth@CControlUI@DuiLib@@UAEHXZ 004035a6 f   duilib_d:DuiLib_d.dll
 0001:000025ac       ?GetShortcut@CControlUI@DuiLib@@UBEDXZ 004035ac f   duilib_d:DuiLib_d.dll
 0001:000025b2       ?SetShortcut@CControlUI@DuiLib@@UAEXD@Z 004035b2 f   duilib_d:DuiLib_d.dll
 0001:000025b8       ?IsContextMenuUsed@CControlUI@DuiLib@@UBE_NXZ 004035b8 f   duilib_d:DuiLib_d.dll
 0001:000025be       ?SetContextMenuUsed@CControlUI@DuiLib@@UAEX_N@Z 004035be f   duilib_d:DuiLib_d.dll
 0001:000025c4       ?GetUserData@CControlUI@DuiLib@@UAEABVCDuiString@2@XZ 004035c4 f   duilib_d:DuiLib_d.dll
 0001:000025ca       ?SetUserData@CControlUI@DuiLib@@UAEXPBD@Z 004035ca f   duilib_d:DuiLib_d.dll
 0001:000025d0       ?GetTag@CControlUI@DuiLib@@UBEIXZ 004035d0 f   duilib_d:DuiLib_d.dll
 0001:000025d6       ?SetTag@CControlUI@DuiLib@@UAEXI@Z 004035d6 f   duilib_d:DuiLib_d.dll
 0001:000025dc       ?IsVisible@CControlUI@DuiLib@@UBE_NXZ 004035dc f   duilib_d:DuiLib_d.dll
 0001:000025e2       ?SetVisible@CContainerUI@DuiLib@@UAEX_N@Z 004035e2 f   duilib_d:DuiLib_d.dll
 0001:000025e8       ?SetInternVisible@CContainerUI@DuiLib@@UAEX_N@Z 004035e8 f   duilib_d:DuiLib_d.dll
 0001:000025ee       ?IsEnabled@CControlUI@DuiLib@@UBE_NXZ 004035ee f   duilib_d:DuiLib_d.dll
 0001:000025f4       ?SetEnabled@CControlUI@DuiLib@@UAEX_N@Z 004035f4 f   duilib_d:DuiLib_d.dll
 0001:000025fa       ?IsMouseEnabled@CControlUI@DuiLib@@UBE_NXZ 004035fa f   duilib_d:DuiLib_d.dll
 0001:00002600       ?SetMouseEnabled@CContainerUI@DuiLib@@UAEX_N@Z 00403600 f   duilib_d:DuiLib_d.dll
 0001:00002606       ?IsKeyboardEnabled@CControlUI@DuiLib@@UBE_NXZ 00403606 f   duilib_d:DuiLib_d.dll
 0001:0000260c       ?SetKeyboardEnabled@CControlUI@DuiLib@@UAEX_N@Z 0040360c f   duilib_d:DuiLib_d.dll
 0001:00002612       ?IsFocused@CControlUI@DuiLib@@UBE_NXZ 00403612 f   duilib_d:DuiLib_d.dll
 0001:00002618       ?SetFocus@CControlUI@DuiLib@@UAEXXZ 00403618 f   duilib_d:DuiLib_d.dll
 0001:0000261e       ?IsFloat@CControlUI@DuiLib@@UBE_NXZ 0040361e f   duilib_d:DuiLib_d.dll
 0001:00002624       ?SetFloat@CControlUI@DuiLib@@UAEX_N@Z 00403624 f   duilib_d:DuiLib_d.dll
 0001:0000262a       ?FindControl@CContainerUI@DuiLib@@UAEPAVCControlUI@2@P6GPAV32@PAV32@PAX@Z1I@Z 0040362a f   duilib_d:DuiLib_d.dll
 0001:00002630       ?Init@CControlUI@DuiLib@@UAEXXZ 00403630 f   duilib_d:DuiLib_d.dll
 0001:00002636       ?DoInit@CControlUI@DuiLib@@UAEXXZ 00403636 f   duilib_d:DuiLib_d.dll
 0001:0000263c       ?Event@CControlUI@DuiLib@@UAEXAAUtagTEventUI@2@@Z 0040363c f   duilib_d:DuiLib_d.dll
 0001:00002642       ?DoEvent@CListUI@DuiLib@@UAEXAAUtagTEventUI@2@@Z 00403642 f   duilib_d:DuiLib_d.dll
 0001:00002648       ?SetAttribute@CListUI@DuiLib@@UAEXPBD0@Z 00403648 f   duilib_d:DuiLib_d.dll
 0001:0000264e       ?EstimateSize@CControlUI@DuiLib@@UAE?AUtagSIZE@@U3@@Z 0040364e f   duilib_d:DuiLib_d.dll
 0001:00002654       ?DoPaint@CContainerUI@DuiLib@@UAEXPAUHDC__@@ABUtagRECT@@@Z 00403654 f   duilib_d:DuiLib_d.dll
 0001:0000265a       ?PaintBkColor@CControlUI@DuiLib@@UAEXPAUHDC__@@@Z 0040365a f   duilib_d:DuiLib_d.dll
 0001:00002660       ?PaintBkImage@CControlUI@DuiLib@@UAEXPAUHDC__@@@Z 00403660 f   duilib_d:DuiLib_d.dll
 0001:00002666       ?PaintStatusImage@CControlUI@DuiLib@@UAEXPAUHDC__@@@Z 00403666 f   duilib_d:DuiLib_d.dll
 0001:0000266c       ?PaintText@CControlUI@DuiLib@@UAEXPAUHDC__@@@Z 0040366c f   duilib_d:DuiLib_d.dll
 0001:00002672       ?PaintBorder@CControlUI@DuiLib@@UAEXPAUHDC__@@@Z 00403672 f   duilib_d:DuiLib_d.dll
 0001:00002678       ?DoPostPaint@CVerticalLayoutUI@DuiLib@@UAEXPAUHDC__@@ABUtagRECT@@@Z 00403678 f   duilib_d:DuiLib_d.dll
 0001:0000267e       ?GetInset@CContainerUI@DuiLib@@UBE?AUtagRECT@@XZ 0040367e f   duilib_d:DuiLib_d.dll
 0001:00002684       ?SetInset@CContainerUI@DuiLib@@UAEXUtagRECT@@@Z 00403684 f   duilib_d:DuiLib_d.dll
 0001:0000268a       ?GetChildPadding@CListUI@DuiLib@@UBEHXZ 0040368a f   duilib_d:DuiLib_d.dll
 0001:00002690       ?SetChildPadding@CListUI@DuiLib@@UAEXH@Z 00403690 f   duilib_d:DuiLib_d.dll
 0001:00002696       ?IsAutoDestroy@CContainerUI@DuiLib@@UBE_NXZ 00403696 f   duilib_d:DuiLib_d.dll
 0001:0000269c       ?SetAutoDestroy@CContainerUI@DuiLib@@UAEX_N@Z 0040369c f   duilib_d:DuiLib_d.dll
 0001:000026a2       ?IsDelayedDestroy@CContainerUI@DuiLib@@UBE_NXZ 004036a2 f   duilib_d:DuiLib_d.dll
 0001:000026a8       ?SetDelayedDestroy@CContainerUI@DuiLib@@UAEX_N@Z 004036a8 f   duilib_d:DuiLib_d.dll
 0001:000026ae       ?IsMouseChildEnabled@CContainerUI@DuiLib@@UBE_NXZ 004036ae f   duilib_d:DuiLib_d.dll
 0001:000026b4       ?SetMouseChildEnabled@CContainerUI@DuiLib@@UAEX_N@Z 004036b4 f   duilib_d:DuiLib_d.dll
 0001:000026ba       ?FindSelectable@CContainerUI@DuiLib@@UBEHH_N@Z 004036ba f   duilib_d:DuiLib_d.dll
 0001:000026c0       ?GetScrollPos@CListUI@DuiLib@@UBE?AUtagSIZE@@XZ 004036c0 f   duilib_d:DuiLib_d.dll
 0001:000026c6       ?GetScrollRange@CListUI@DuiLib@@UBE?AUtagSIZE@@XZ 004036c6 f   duilib_d:DuiLib_d.dll
 0001:000026cc       ?SetScrollPos@CListUI@DuiLib@@UAEXUtagSIZE@@@Z 004036cc f   duilib_d:DuiLib_d.dll
 0001:000026d2       ?LineUp@CListUI@DuiLib@@UAEXXZ 004036d2 f   duilib_d:DuiLib_d.dll
 0001:000026d8       ?LineDown@CListUI@DuiLib@@UAEXXZ 004036d8 f   duilib_d:DuiLib_d.dll
 0001:000026de       ?PageUp@CListUI@DuiLib@@UAEXXZ 004036de f   duilib_d:DuiLib_d.dll
 0001:000026e4       ?PageDown@CListUI@DuiLib@@UAEXXZ 004036e4 f   duilib_d:DuiLib_d.dll
 0001:000026ea       ?HomeUp@CListUI@DuiLib@@UAEXXZ 004036ea f   duilib_d:DuiLib_d.dll
 0001:000026f0       ?EndDown@CListUI@DuiLib@@UAEXXZ 004036f0 f   duilib_d:DuiLib_d.dll
 0001:000026f6       ?LineLeft@CListUI@DuiLib@@UAEXXZ 004036f6 f   duilib_d:DuiLib_d.dll
 0001:000026fc       ?LineRight@CListUI@DuiLib@@UAEXXZ 004036fc f   duilib_d:DuiLib_d.dll
 0001:00002702       ?PageLeft@CListUI@DuiLib@@UAEXXZ 00403702 f   duilib_d:DuiLib_d.dll
 0001:00002708       ?PageRight@CListUI@DuiLib@@UAEXXZ 00403708 f   duilib_d:DuiLib_d.dll
 0001:0000270e       ?HomeLeft@CListUI@DuiLib@@UAEXXZ 0040370e f   duilib_d:DuiLib_d.dll
 0001:00002714       ?EndRight@CListUI@DuiLib@@UAEXXZ 00403714 f   duilib_d:DuiLib_d.dll
 0001:0000271a       ?EnableScrollBar@CListUI@DuiLib@@UAEX_N0@Z 0040371a f   duilib_d:DuiLib_d.dll
 0001:00002720       ?GetVerticalScrollBar@CListUI@DuiLib@@UBEPAVCScrollBarUI@2@XZ 00403720 f   duilib_d:DuiLib_d.dll
 0001:00002726       ?GetHorizontalScrollBar@CListUI@DuiLib@@UBEPAVCScrollBarUI@2@XZ 00403726 f   duilib_d:DuiLib_d.dll
 0001:0000272c       ?SetFloatPos@CContainerUI@DuiLib@@MAEXH@Z 0040372c f   duilib_d:DuiLib_d.dll
 0001:00002732       ?ProcessScrollBar@CContainerUI@DuiLib@@MAEXUtagRECT@@HH@Z 00403732 f   duilib_d:DuiLib_d.dll
 0001:00002738       ?GetItemAt@CListUI@DuiLib@@UBEPAVCControlUI@2@H@Z 00403738 f   duilib_d:DuiLib_d.dll
 0001:0000273e       ?GetItemIndex@CListUI@DuiLib@@UBEHPAVCControlUI@2@@Z 0040373e f   duilib_d:DuiLib_d.dll
 0001:00002744       ?SetItemIndex@CListUI@DuiLib@@UAE_NPAVCControlUI@2@H@Z 00403744 f   duilib_d:DuiLib_d.dll
 0001:0000274a       ?GetCount@CListUI@DuiLib@@UBEHXZ 0040374a f   duilib_d:DuiLib_d.dll
 0001:00002750       ?Add@CListUI@DuiLib@@UAE_NPAVCControlUI@2@@Z 00403750 f   duilib_d:DuiLib_d.dll
 0001:00002756       ?AddAt@CListUI@DuiLib@@UAE_NPAVCControlUI@2@H@Z 00403756 f   duilib_d:DuiLib_d.dll
 0001:0000275c       ?Remove@CListUI@DuiLib@@UAE_NPAVCControlUI@2@@Z 0040375c f   duilib_d:DuiLib_d.dll
 0001:00002762       ?RemoveAt@CListUI@DuiLib@@UAE_NH@Z 00403762 f   duilib_d:DuiLib_d.dll
 0001:00002768       ?RemoveAll@CListUI@DuiLib@@UAEXXZ 00403768 f   duilib_d:DuiLib_d.dll
 0001:0000276e       ?GetListInfo@CListUI@DuiLib@@UAEPAUtagTListInfoUI@2@XZ 0040376e f   duilib_d:DuiLib_d.dll
 0001:00002774       ?GetCurSel@CListUI@DuiLib@@UBEHXZ 00403774 f   duilib_d:DuiLib_d.dll
 0001:0000277a       ?SelectItem@CListUI@DuiLib@@UAE_NH_N@Z 0040377a f   duilib_d:DuiLib_d.dll
 0001:00002780       ?GetHeader@CListUI@DuiLib@@UBEPAVCListHeaderUI@2@XZ 00403780 f   duilib_d:DuiLib_d.dll
 0001:00002786       ?GetList@CListUI@DuiLib@@UBEPAVCContainerUI@2@XZ 00403786 f   duilib_d:DuiLib_d.dll
 0001:0000278c       ?GetTextCallback@CListUI@DuiLib@@UBEPAVIListCallbackUI@2@XZ 0040378c f   duilib_d:DuiLib_d.dll
 0001:00002792       ?SetTextCallback@CListUI@DuiLib@@UAEXPAVIListCallbackUI@2@@Z 00403792 f   duilib_d:DuiLib_d.dll
 0001:00002798       ?ExpandItem@CListUI@DuiLib@@UAE_NH_N@Z 00403798 f   duilib_d:DuiLib_d.dll
 0001:0000279e       ?GetExpandedItem@CListUI@DuiLib@@UBEHXZ 0040379e f   duilib_d:DuiLib_d.dll
 0001:000027a4       ??1CListUI@DuiLib@@UAE@XZ  004037a4 f   duilib_d:DuiLib_d.dll
 0001:000027aa       ?SetTextStyle@CListHeaderItemUI@DuiLib@@QAEXI@Z 004037aa f   duilib_d:DuiLib_d.dll
 0001:000027b0       ??0CListHeaderItemUI@DuiLib@@QAE@XZ 004037b0 f   duilib_d:DuiLib_d.dll
 0001:000027b6       ?GetClass@CListHeaderItemUI@DuiLib@@UBEPBDXZ 004037b6 f   duilib_d:DuiLib_d.dll
 0001:000027bc       ?GetInterface@CListHeaderItemUI@DuiLib@@UAEPAXPBD@Z 004037bc f   duilib_d:DuiLib_d.dll
 0001:000027c2       ?GetControlFlags@CListHeaderItemUI@DuiLib@@UBEIXZ 004037c2 f   duilib_d:DuiLib_d.dll
 0001:000027c8       ?SetPos@CContainerUI@DuiLib@@UAEXUtagRECT@@@Z 004037c8 f   duilib_d:DuiLib_d.dll
 0001:000027ce       ?SetEnabled@CListHeaderItemUI@DuiLib@@UAEX_N@Z 004037ce f   duilib_d:DuiLib_d.dll
 0001:000027d4       ?DoEvent@CListHeaderItemUI@DuiLib@@UAEXAAUtagTEventUI@2@@Z 004037d4 f   duilib_d:DuiLib_d.dll
 0001:000027da       ?SetAttribute@CListHeaderItemUI@DuiLib@@UAEXPBD0@Z 004037da f   duilib_d:DuiLib_d.dll
 0001:000027e0       ?EstimateSize@CListHeaderItemUI@DuiLib@@UAE?AUtagSIZE@@U3@@Z 004037e0 f   duilib_d:DuiLib_d.dll
 0001:000027e6       ?PaintStatusImage@CListHeaderItemUI@DuiLib@@UAEXPAUHDC__@@@Z 004037e6 f   duilib_d:DuiLib_d.dll
 0001:000027ec       ?PaintText@CListHeaderItemUI@DuiLib@@UAEXPAUHDC__@@@Z 004037ec f   duilib_d:DuiLib_d.dll
 0001:000027f2       ?DoPostPaint@CControlUI@DuiLib@@UAEXPAUHDC__@@ABUtagRECT@@@Z 004037f2 f   duilib_d:DuiLib_d.dll
 0001:000027f8       ?GetChildPadding@CContainerUI@DuiLib@@UBEHXZ 004037f8 f   duilib_d:DuiLib_d.dll
 0001:000027fe       ?SetChildPadding@CContainerUI@DuiLib@@UAEXH@Z 004037fe f   duilib_d:DuiLib_d.dll
 0001:00002804       ?GetScrollPos@CContainerUI@DuiLib@@UBE?AUtagSIZE@@XZ 00403804 f   duilib_d:DuiLib_d.dll
 0001:0000280a       ?GetScrollRange@CContainerUI@DuiLib@@UBE?AUtagSIZE@@XZ 0040380a f   duilib_d:DuiLib_d.dll
 0001:00002810       ?SetScrollPos@CContainerUI@DuiLib@@UAEXUtagSIZE@@@Z 00403810 f   duilib_d:DuiLib_d.dll
 0001:00002816       ?LineUp@CContainerUI@DuiLib@@UAEXXZ 00403816 f   duilib_d:DuiLib_d.dll
 0001:0000281c       ?LineDown@CContainerUI@DuiLib@@UAEXXZ 0040381c f   duilib_d:DuiLib_d.dll
 0001:00002822       ?PageUp@CContainerUI@DuiLib@@UAEXXZ 00403822 f   duilib_d:DuiLib_d.dll
 0001:00002828       ?PageDown@CContainerUI@DuiLib@@UAEXXZ 00403828 f   duilib_d:DuiLib_d.dll
 0001:0000282e       ?HomeUp@CContainerUI@DuiLib@@UAEXXZ 0040382e f   duilib_d:DuiLib_d.dll
 0001:00002834       ?EndDown@CContainerUI@DuiLib@@UAEXXZ 00403834 f   duilib_d:DuiLib_d.dll
 0001:0000283a       ?LineLeft@CContainerUI@DuiLib@@UAEXXZ 0040383a f   duilib_d:DuiLib_d.dll
 0001:00002840       ?LineRight@CContainerUI@DuiLib@@UAEXXZ 00403840 f   duilib_d:DuiLib_d.dll
 0001:00002846       ?PageLeft@CContainerUI@DuiLib@@UAEXXZ 00403846 f   duilib_d:DuiLib_d.dll
 0001:0000284c       ?PageRight@CContainerUI@DuiLib@@UAEXXZ 0040384c f   duilib_d:DuiLib_d.dll
 0001:00002852       ?HomeLeft@CContainerUI@DuiLib@@UAEXXZ 00403852 f   duilib_d:DuiLib_d.dll
 0001:00002858       ?EndRight@CContainerUI@DuiLib@@UAEXXZ 00403858 f   duilib_d:DuiLib_d.dll
 0001:0000285e       ?EnableScrollBar@CContainerUI@DuiLib@@UAEX_N0@Z 0040385e f   duilib_d:DuiLib_d.dll
 0001:00002864       ?GetVerticalScrollBar@CContainerUI@DuiLib@@UBEPAVCScrollBarUI@2@XZ 00403864 f   duilib_d:DuiLib_d.dll
 0001:0000286a       ?GetHorizontalScrollBar@CContainerUI@DuiLib@@UBEPAVCScrollBarUI@2@XZ 0040386a f   duilib_d:DuiLib_d.dll
 0001:00002870       ??1CListHeaderItemUI@DuiLib@@UAE@XZ 00403870 f   duilib_d:DuiLib_d.dll
 0001:00002876       ??0CHorizontalLayoutUI@DuiLib@@QAE@XZ 00403876 f   duilib_d:DuiLib_d.dll
 0001:0000287c       ??0CListContainerElementUI@DuiLib@@QAE@XZ 0040387c f   duilib_d:DuiLib_d.dll
 0001:00002882       ?GetClass@CListContainerElementUI@DuiLib@@UBEPBDXZ 00403882 f   duilib_d:DuiLib_d.dll
 0001:00002888       ?GetInterface@CListContainerElementUI@DuiLib@@UAEPAXPBD@Z 00403888 f   duilib_d:DuiLib_d.dll
 0001:0000288e       ?GetControlFlags@CListContainerElementUI@DuiLib@@UBEIXZ 0040388e f   duilib_d:DuiLib_d.dll
 0001:00002894       ?Activate@CListContainerElementUI@DuiLib@@UAE_NXZ 00403894 f   duilib_d:DuiLib_d.dll
 0001:0000289a       ?SetPos@CListContainerElementUI@DuiLib@@UAEXUtagRECT@@@Z 0040389a f   duilib_d:DuiLib_d.dll
 0001:000028a0       ?SetVisible@CListContainerElementUI@DuiLib@@UAEX_N@Z 004038a0 f   duilib_d:DuiLib_d.dll
 0001:000028a6       ?SetEnabled@CListContainerElementUI@DuiLib@@UAEX_N@Z 004038a6 f   duilib_d:DuiLib_d.dll
 0001:000028ac       ?DoEvent@CListContainerElementUI@DuiLib@@UAEXAAUtagTEventUI@2@@Z 004038ac f   duilib_d:DuiLib_d.dll
 0001:000028b2       ?SetAttribute@CListContainerElementUI@DuiLib@@UAEXPBD0@Z 004038b2 f   duilib_d:DuiLib_d.dll
 0001:000028b8       ?DoPaint@CListContainerElementUI@DuiLib@@UAEXPAUHDC__@@ABUtagRECT@@@Z 004038b8 f   duilib_d:DuiLib_d.dll
 0001:000028be       ?GetClass@CHorizontalLayoutUI@DuiLib@@UBEPBDXZ 004038be f   duilib_d:DuiLib_d.dll
 0001:000028c4       ?GetInterface@CHorizontalLayoutUI@DuiLib@@UAEPAXPBD@Z 004038c4 f   duilib_d:DuiLib_d.dll
 0001:000028ca       ?GetControlFlags@CHorizontalLayoutUI@DuiLib@@UBEIXZ 004038ca f   duilib_d:DuiLib_d.dll
 0001:000028d0       ?SetPos@CHorizontalLayoutUI@DuiLib@@UAEXUtagRECT@@@Z 004038d0 f   duilib_d:DuiLib_d.dll
 0001:000028d6       ?DoEvent@CHorizontalLayoutUI@DuiLib@@UAEXAAUtagTEventUI@2@@Z 004038d6 f   duilib_d:DuiLib_d.dll
 0001:000028dc       ?SetAttribute@CHorizontalLayoutUI@DuiLib@@UAEXPBD0@Z 004038dc f   duilib_d:DuiLib_d.dll
 0001:000028e2       ?DoPostPaint@CHorizontalLayoutUI@DuiLib@@UAEXPAUHDC__@@ABUtagRECT@@@Z 004038e2 f   duilib_d:DuiLib_d.dll
 0001:000028e8       ??1CListContainerElementUI@DuiLib@@UAE@XZ 004038e8 f   duilib_d:DuiLib_d.dll
 0001:000028ee       ??1CHorizontalLayoutUI@DuiLib@@UAE@XZ 004038ee f   duilib_d:DuiLib_d.dll
 0001:000028f4       ?SetTextStyle@CLabelUI@DuiLib@@QAEXI@Z 004038f4 f   duilib_d:DuiLib_d.dll
 0001:000028fa       ??0CLabelUI@DuiLib@@QAE@XZ 004038fa f   duilib_d:DuiLib_d.dll
 0001:00002900       ?GetClass@CLabelUI@DuiLib@@UBEPBDXZ 00403900 f   duilib_d:DuiLib_d.dll
 0001:00002906       ?GetInterface@CLabelUI@DuiLib@@UAEPAXPBD@Z 00403906 f   duilib_d:DuiLib_d.dll
 0001:0000290c       ?GetControlFlags@CControlUI@DuiLib@@UBEIXZ 0040390c f   duilib_d:DuiLib_d.dll
 0001:00002912       ?SetManager@CControlUI@DuiLib@@UAEXPAVCPaintManagerUI@2@PAV12@_N@Z 00403912 f   duilib_d:DuiLib_d.dll
 0001:00002918       ?GetText@CLabelUI@DuiLib@@UBE?AVCDuiString@2@XZ 00403918 f   duilib_d:DuiLib_d.dll
 0001:0000291e       ?SetText@CLabelUI@DuiLib@@UAEXPBD@Z 0040391e f   duilib_d:DuiLib_d.dll
 0001:00002924       ?SetPos@CControlUI@DuiLib@@UAEXUtagRECT@@@Z 00403924 f   duilib_d:DuiLib_d.dll
 0001:0000292a       ?SetVisible@CControlUI@DuiLib@@UAEX_N@Z 0040392a f   duilib_d:DuiLib_d.dll
 0001:00002930       ?SetInternVisible@CControlUI@DuiLib@@UAEX_N@Z 00403930 f   duilib_d:DuiLib_d.dll
 0001:00002936       ?SetMouseEnabled@CControlUI@DuiLib@@UAEX_N@Z 00403936 f   duilib_d:DuiLib_d.dll
 0001:0000293c       ?FindControl@CControlUI@DuiLib@@UAEPAV12@P6GPAV12@PAV12@PAX@Z1I@Z 0040393c f   duilib_d:DuiLib_d.dll
 0001:00002942       ?DoEvent@CLabelUI@DuiLib@@UAEXAAUtagTEventUI@2@@Z 00403942 f   duilib_d:DuiLib_d.dll
 0001:00002948       ?SetAttribute@CLabelUI@DuiLib@@UAEXPBD0@Z 00403948 f   duilib_d:DuiLib_d.dll
 0001:0000294e       ?EstimateSize@CLabelUI@DuiLib@@UAE?AUtagSIZE@@U3@@Z 0040394e f   duilib_d:DuiLib_d.dll
 0001:00002954       ?DoPaint@CControlUI@DuiLib@@UAEXPAUHDC__@@ABUtagRECT@@@Z 00403954 f   duilib_d:DuiLib_d.dll
 0001:0000295a       ?PaintText@CLabelUI@DuiLib@@UAEXPAUHDC__@@@Z 0040395a f   duilib_d:DuiLib_d.dll
 0001:00002960       ??1CLabelUI@DuiLib@@UAE@XZ 00403960 f   duilib_d:DuiLib_d.dll
 0001:00002966       ?MessageLoop@CPaintManagerUI@DuiLib@@SAXXZ 00403966 f   duilib_d:DuiLib_d.dll
 0001:0000296c       ?ShowWindow@CWindowWnd@DuiLib@@QAEX_N0@Z 0040396c f   duilib_d:DuiLib_d.dll
 0001:00002972       ?CenterWindow@CWindowWnd@DuiLib@@QAEXXZ 00403972 f   duilib_d:DuiLib_d.dll
 0001:00002978       ?Create@CWindowWnd@DuiLib@@QAEPAUHWND__@@PAU3@PBDKKHHHHPAUHMENU__@@@Z 00403978 f   duilib_d:DuiLib_d.dll
 0001:0000297e       ?SetInstance@CPaintManagerUI@DuiLib@@SAXPAUHINSTANCE__@@@Z 0040397e f   duilib_d:DuiLib_d.dll
 0001:00002984       ??1CDuiString@DuiLib@@QAE@XZ 00403984 f   duilib_d:DuiLib_d.dll
 0001:0000298a       ??BCDuiString@DuiLib@@QBEPBDXZ 0040398a f   duilib_d:DuiLib_d.dll
 0001:00002990       ?GetLength@CDuiString@DuiLib@@QBEHXZ 00403990 f   duilib_d:DuiLib_d.dll
 0001:00002996       ??0CDuiString@DuiLib@@QAE@PBDH@Z 00403996 f   duilib_d:DuiLib_d.dll
 0001:0000299c       ??0WindowImplBase@DuiLib@@QAE@XZ 0040399c f   duilib_d:DuiLib_d.dll
 0001:000029a2       ?GetSuperClassName@CWindowWnd@DuiLib@@MBEPBDXZ 004039a2 f   duilib_d:DuiLib_d.dll
 0001:000029a8       ?HandleMessage@WindowImplBase@DuiLib@@UAEJIIJ@Z 004039a8 f   duilib_d:DuiLib_d.dll
 0001:000029ae       ?GetZIPFileName@WindowImplBase@DuiLib@@UBE?AVCDuiString@2@XZ 004039ae f   duilib_d:DuiLib_d.dll
 0001:000029b4       ?GetResourceID@WindowImplBase@DuiLib@@UBEPBDXZ 004039b4 f   duilib_d:DuiLib_d.dll
 0001:000029ba       ?OnClose@WindowImplBase@DuiLib@@UAEJIIJAAH@Z 004039ba f   duilib_d:DuiLib_d.dll
 0001:000029c0       ?OnDestroy@WindowImplBase@DuiLib@@UAEJIIJAAH@Z 004039c0 f   duilib_d:DuiLib_d.dll
 0001:000029c6       ?OnNcActivate@WindowImplBase@DuiLib@@UAEJIIJAAH@Z 004039c6 f   duilib_d:DuiLib_d.dll
 0001:000029cc       ?OnNcCalcSize@WindowImplBase@DuiLib@@UAEJIIJAAH@Z 004039cc f   duilib_d:DuiLib_d.dll
 0001:000029d2       ?OnNcPaint@WindowImplBase@DuiLib@@UAEJIIJAAH@Z 004039d2 f   duilib_d:DuiLib_d.dll
 0001:000029d8       ?OnNcHitTest@WindowImplBase@DuiLib@@UAEJIIJAAH@Z 004039d8 f   duilib_d:DuiLib_d.dll
 0001:000029de       ?OnGetMinMaxInfo@WindowImplBase@DuiLib@@UAEJIIJAAH@Z 004039de f   duilib_d:DuiLib_d.dll
 0001:000029e4       ?OnMouseWheel@WindowImplBase@DuiLib@@UAEJIIJAAH@Z 004039e4 f   duilib_d:DuiLib_d.dll
 0001:000029ea       ?OnMouseHover@WindowImplBase@DuiLib@@UAEJIIJAAH@Z 004039ea f   duilib_d:DuiLib_d.dll
 0001:000029f0       ?OnSize@WindowImplBase@DuiLib@@UAEJIIJAAH@Z 004039f0 f   duilib_d:DuiLib_d.dll
 0001:000029f6       ?OnChar@WindowImplBase@DuiLib@@UAEJIIJAAH@Z 004039f6 f   duilib_d:DuiLib_d.dll
 0001:000029fc       ?OnSysCommand@WindowImplBase@DuiLib@@UAEJIIJAAH@Z 004039fc f   duilib_d:DuiLib_d.dll
 0001:00002a02       ?OnCreate@WindowImplBase@DuiLib@@UAEJIIJAAH@Z 00403a02 f   duilib_d:DuiLib_d.dll
 0001:00002a08       ?OnKeyDown@WindowImplBase@DuiLib@@UAEJIIJAAH@Z 00403a08 f   duilib_d:DuiLib_d.dll
 0001:00002a0e       ?OnKillFocus@WindowImplBase@DuiLib@@UAEJIIJAAH@Z 00403a0e f   duilib_d:DuiLib_d.dll
 0001:00002a14       ?OnSetFocus@WindowImplBase@DuiLib@@UAEJIIJAAH@Z 00403a14 f   duilib_d:DuiLib_d.dll
 0001:00002a1a       ?OnLButtonDown@WindowImplBase@DuiLib@@UAEJIIJAAH@Z 00403a1a f   duilib_d:DuiLib_d.dll
 0001:00002a20       ?OnLButtonUp@WindowImplBase@DuiLib@@UAEJIIJAAH@Z 00403a20 f   duilib_d:DuiLib_d.dll
 0001:00002a26       ?OnMouseMove@WindowImplBase@DuiLib@@UAEJIIJAAH@Z 00403a26 f   duilib_d:DuiLib_d.dll
 0001:00002a2c       ?HandleCustomMessage@WindowImplBase@DuiLib@@UAEJIIJAAH@Z 00403a2c f   duilib_d:DuiLib_d.dll
 0001:00002a32       ?GetStyle@WindowImplBase@DuiLib@@UAEJXZ 00403a32 f   duilib_d:DuiLib_d.dll
 0001:00002a38       ?MessageHandler@WindowImplBase@DuiLib@@UAEJIIJAA_N@Z 00403a38 f   duilib_d:DuiLib_d.dll
 0001:00002a3e       ?CreateControl@WindowImplBase@DuiLib@@UAEPAVCControlUI@2@PBD@Z 00403a3e f   duilib_d:DuiLib_d.dll
 0001:00002a44       ??1WindowImplBase@DuiLib@@UAE@XZ 00403a44 f   duilib_d:DuiLib_d.dll
 0001:00002a4a       ?OnFinalMessage@WindowImplBase@DuiLib@@UAEXPAUHWND__@@@Z 00403a4a f   duilib_d:DuiLib_d.dll
 0001:00002a50       ?Notify@WindowImplBase@DuiLib@@UAEXAAUtagTNotifyUI@2@@Z 00403a50 f   duilib_d:DuiLib_d.dll
 0001:00002a56       ??0CCheckBoxUI@DuiLib@@QAE@XZ 00403a56 f   duilib_d:DuiLib_d.dll
 0001:00002a5c       ??0CButtonUI@DuiLib@@QAE@XZ 00403a5c f   duilib_d:DuiLib_d.dll
 0001:00002a62       ?SetBorderColor@CControlUI@DuiLib@@QAEXK@Z 00403a62 f   duilib_d:DuiLib_d.dll
 0001:00002a68       ??0CEditUI@DuiLib@@QAE@XZ  00403a68 f   duilib_d:DuiLib_d.dll
 0001:00002a6e       ??1CDialogBuilder@DuiLib@@QAE@XZ 00403a6e f   duilib_d:DuiLib_d.dll
 0001:00002a74       ?FindControl@CPaintManagerUI@DuiLib@@QBEPAVCControlUI@2@PBD@Z 00403a74 f   duilib_d:DuiLib_d.dll
 0001:00002a7a       ?Create@CDialogBuilder@DuiLib@@QAEPAVCControlUI@2@VSTRINGorID@2@PBDPAVIDialogBuilderCallback@2@PAVCPaintManagerUI@2@PAV32@@Z 00403a7a f   duilib_d:DuiLib_d.dll
 0001:00002a80       ??0CDialogBuilder@DuiLib@@QAE@XZ 00403a80 f   duilib_d:DuiLib_d.dll
 0001:00002a86       ??8CDuiString@DuiLib@@QBE_NPBD@Z 00403a86 f   duilib_d:DuiLib_d.dll
 0001:00002a8c       ?SendMessageA@CWindowWnd@DuiLib@@QAEJIIJ@Z 00403a8c f   duilib_d:DuiLib_d.dll
 0001:00002a92       ?GetClass@CEditUI@DuiLib@@UBEPBDXZ 00403a92 f   duilib_d:DuiLib_d.dll
 0001:00002a98       ?GetInterface@CEditUI@DuiLib@@UAEPAXPBD@Z 00403a98 f   duilib_d:DuiLib_d.dll
 0001:00002a9e       ?GetControlFlags@CEditUI@DuiLib@@UBEIXZ 00403a9e f   duilib_d:DuiLib_d.dll
 0001:00002aa4       ?SetText@CEditUI@DuiLib@@UAEXPBD@Z 00403aa4 f   duilib_d:DuiLib_d.dll
 0001:00002aaa       ?SetPos@CEditUI@DuiLib@@UAEXUtagRECT@@@Z 00403aaa f   duilib_d:DuiLib_d.dll
 0001:00002ab0       ?SetVisible@CEditUI@DuiLib@@UAEX_N@Z 00403ab0 f   duilib_d:DuiLib_d.dll
 0001:00002ab6       ?SetInternVisible@CEditUI@DuiLib@@UAEX_N@Z 00403ab6 f   duilib_d:DuiLib_d.dll
 0001:00002abc       ?SetEnabled@CEditUI@DuiLib@@UAEX_N@Z 00403abc f   duilib_d:DuiLib_d.dll
 0001:00002ac2       ?DoEvent@CEditUI@DuiLib@@UAEXAAUtagTEventUI@2@@Z 00403ac2 f   duilib_d:DuiLib_d.dll
 0001:00002ac8       ?SetAttribute@CEditUI@DuiLib@@UAEXPBD0@Z 00403ac8 f   duilib_d:DuiLib_d.dll
 0001:00002ace       ?EstimateSize@CEditUI@DuiLib@@UAE?AUtagSIZE@@U3@@Z 00403ace f   duilib_d:DuiLib_d.dll
 0001:00002ad4       ?PaintStatusImage@CEditUI@DuiLib@@UAEXPAUHDC__@@@Z 00403ad4 f   duilib_d:DuiLib_d.dll
 0001:00002ada       ?PaintText@CEditUI@DuiLib@@UAEXPAUHDC__@@@Z 00403ada f   duilib_d:DuiLib_d.dll
 0001:00002ae0       ?GetClass@CButtonUI@DuiLib@@UBEPBDXZ 00403ae0 f   duilib_d:DuiLib_d.dll
 0001:00002ae6       ?GetInterface@CButtonUI@DuiLib@@UAEPAXPBD@Z 00403ae6 f   duilib_d:DuiLib_d.dll
 0001:00002aec       ?GetControlFlags@CButtonUI@DuiLib@@UBEIXZ 00403aec f   duilib_d:DuiLib_d.dll
 0001:00002af2       ?Activate@CButtonUI@DuiLib@@UAE_NXZ 00403af2 f   duilib_d:DuiLib_d.dll
 0001:00002af8       ?SetEnabled@CButtonUI@DuiLib@@UAEX_N@Z 00403af8 f   duilib_d:DuiLib_d.dll
 0001:00002afe       ?DoEvent@CButtonUI@DuiLib@@UAEXAAUtagTEventUI@2@@Z 00403afe f   duilib_d:DuiLib_d.dll
 0001:00002b04       ?SetAttribute@CButtonUI@DuiLib@@UAEXPBD0@Z 00403b04 f   duilib_d:DuiLib_d.dll
 0001:00002b0a       ?EstimateSize@CButtonUI@DuiLib@@UAE?AUtagSIZE@@U3@@Z 00403b0a f   duilib_d:DuiLib_d.dll
 0001:00002b10       ?PaintStatusImage@CButtonUI@DuiLib@@UAEXPAUHDC__@@@Z 00403b10 f   duilib_d:DuiLib_d.dll
 0001:00002b16       ?PaintText@CButtonUI@DuiLib@@UAEXPAUHDC__@@@Z 00403b16 f   duilib_d:DuiLib_d.dll
 0001:00002b1c       ?GetClass@CCheckBoxUI@DuiLib@@UBEPBDXZ 00403b1c f   duilib_d:DuiLib_d.dll
 0001:00002b22       ?GetInterface@COptionUI@DuiLib@@UAEPAXPBD@Z 00403b22 f   duilib_d:DuiLib_d.dll
 0001:00002b28       ?Activate@COptionUI@DuiLib@@UAE_NXZ 00403b28 f   duilib_d:DuiLib_d.dll
 0001:00002b2e       ?SetManager@COptionUI@DuiLib@@UAEXPAVCPaintManagerUI@2@PAVCControlUI@2@_N@Z 00403b2e f   duilib_d:DuiLib_d.dll
 0001:00002b34       ?SetEnabled@COptionUI@DuiLib@@UAEX_N@Z 00403b34 f   duilib_d:DuiLib_d.dll
 0001:00002b3a       ?SetAttribute@COptionUI@DuiLib@@UAEXPBD0@Z 00403b3a f   duilib_d:DuiLib_d.dll
 0001:00002b40       ?EstimateSize@COptionUI@DuiLib@@UAE?AUtagSIZE@@U3@@Z 00403b40 f   duilib_d:DuiLib_d.dll
 0001:00002b46       ?PaintStatusImage@COptionUI@DuiLib@@UAEXPAUHDC__@@@Z 00403b46 f   duilib_d:DuiLib_d.dll
 0001:00002b4c       ?PaintText@COptionUI@DuiLib@@UAEXPAUHDC__@@@Z 00403b4c f   duilib_d:DuiLib_d.dll
 0001:00002b52       ?Selected@COptionUI@DuiLib@@UAEX_N@Z 00403b52 f   duilib_d:DuiLib_d.dll
 0001:00002b58       ??1CEditUI@DuiLib@@UAE@XZ  00403b58 f   duilib_d:DuiLib_d.dll
 0001:00002b5e       ??1CButtonUI@DuiLib@@UAE@XZ 00403b5e f   duilib_d:DuiLib_d.dll
 0001:00002b64       ??1CCheckBoxUI@DuiLib@@UAE@XZ 00403b64 f   duilib_d:DuiLib_d.dll
 0001:00002b6a       ??4CDuiString@DuiLib@@QAEABV01@ABV01@@Z 00403b6a f   duilib_d:DuiLib_d.dll
 0001:00002b70       __RTC_CheckEsp             00403b70 f   LIBCMTD:_stack_.obj
 0001:00002ba0       @_RTC_CheckStackVars@8     00403ba0 f   LIBCMTD:_stack_.obj
 0001:00002c00       @_RTC_AllocaHelper@12      00403c00 f   LIBCMTD:_stack_.obj
 0001:00002c40       @_RTC_CheckStackVars2@12   00403c40 f   LIBCMTD:_stack_.obj
 0001:00002d20       __RTC_InitBase             00403d20 f   LIBCMTD:_init_.obj
 0001:00002d50       __RTC_Shutdown             00403d50 f   LIBCMTD:_init_.obj
 0001:00002d70       ?name@type_info@@QBEPBDPAU__type_info_node@@@Z 00403d70 f   LIBCMTD:typinfo.obj
 0001:00002d90       ??1type_info@@UAE@XZ       00403d90 f   LIBCMTD:typinfo.obj
 0001:00002dc0       ??_Etype_info@@UAEPAXI@Z   00403dc0 f i LIBCMTD:typinfo.obj
 0001:00002dc0       ??_Gtype_info@@UAEPAXI@Z   00403dc0 f i LIBCMTD:typinfo.obj
 0001:00002df0       ?_name_internal_method@type_info@@QBEPBDPAU__type_info_node@@@Z 00403df0 f   LIBCMTD:typinfo.obj
 0001:00002e10       ?_type_info_dtor_internal_method@type_info@@QAEXXZ 00403e10 f   LIBCMTD:typinfo.obj
 0001:00002e30       ??8type_info@@QBE_NABV0@@Z 00403e30 f   LIBCMTD:typinfo.obj
 0001:00002e60       ??9type_info@@QBE_NABV0@@Z 00403e60 f   LIBCMTD:typinfo.obj
 0001:00002e90       ?before@type_info@@QBEHABV1@@Z 00403e90 f   LIBCMTD:typinfo.obj
 0001:00002ec0       ?raw_name@type_info@@QBEPBDXZ 00403ec0 f   LIBCMTD:typinfo.obj
 0001:00002ee0       ??0type_info@@AAE@ABV0@@Z  00403ee0 f   LIBCMTD:typinfo.obj
 0001:00002f00       ??4type_info@@AAEAAV0@ABV0@@Z 00403f00 f   LIBCMTD:typinfo.obj
 0001:00002f20       ??3@YAXPAX@Z               00403f20 f   LIBCMTD:dbgdel.obj
 0001:00003010       ??2@YAPAXI@Z               00404010 f   LIBCMTD:new.obj
 0001:00003090       ??0bad_alloc@std@@QAE@XZ   00404090 f i LIBCMTD:new.obj
 0001:000030c0       ??1bad_alloc@std@@UAE@XZ   004040c0 f i LIBCMTD:new.obj
 0001:000030e0       ??_Ebad_alloc@std@@UAEPAXI@Z 004040e0 f i LIBCMTD:new.obj
 0001:000030e0       ??_Gbad_alloc@std@@UAEPAXI@Z 004040e0 f i LIBCMTD:new.obj
 0001:00003110       ??0bad_alloc@std@@QAE@ABV01@@Z 00404110 f i LIBCMTD:new.obj
 0001:00003140       ?_JumpToContinuation@@YGXPAXPAUEHRegistrationNode@@@Z 00404140 f   LIBCMTD:_trnsctrl_.obj
 0001:00003180       ?_CallMemberFunction0@@YGXPAX0@Z 00404180 f   LIBCMTD:_trnsctrl_.obj
 0001:00003190       ?_CallMemberFunction1@@YGXPAX00@Z 00404190 f   LIBCMTD:_trnsctrl_.obj
 0001:000031a0       ?_CallMemberFunction2@@YGXPAX00H@Z 004041a0 f   LIBCMTD:_trnsctrl_.obj
 0001:000031b0       ?_UnwindNestedFrames@@YGXPAUEHRegistrationNode@@PAUEHExceptionRecord@@@Z 004041b0 f   LIBCMTD:_trnsctrl_.obj
 0001:00003210       ___CxxFrameHandler         00404210 f   LIBCMTD:_trnsctrl_.obj
 0001:00003250       ___CxxFrameHandler3        00404250 f   LIBCMTD:_trnsctrl_.obj
 0001:00003290       ___CxxFrameHandler2        00404290 f   LIBCMTD:_trnsctrl_.obj
 0001:000032d0       ___CxxLongjmpUnwind@4      004042d0 f   LIBCMTD:_trnsctrl_.obj
 0001:00003300       ?_CallCatchBlock2@@YAPAXPAUEHRegistrationNode@@PBU_s_FuncInfo@@PAXHK@Z 00404300 f   LIBCMTD:_trnsctrl_.obj
 0001:000033c0       ?_CallSETranslator@@YAHPAUEHExceptionRecord@@PAUEHRegistrationNode@@PAX2PBU_s_FuncInfo@@H1@Z 004043c0 f   LIBCMTD:_trnsctrl_.obj
 0001:00003560       ?_GetRangeOfTrysToCheck@@YAPBU_s_TryBlockMapEntry@@PBU_s_FuncInfo@@HHPAI1@Z 00404560 f   LIBCMTD:_trnsctrl_.obj
 0001:000035e0       __CreateFrameInfo          004045e0 f   LIBCMTD:_trnsctrl_.obj
 0001:00003610       __IsExceptionObjectToBeDestroyed 00404610 f   LIBCMTD:_trnsctrl_.obj
 0001:00003640       __FindAndUnlinkFrame       00404640 f   LIBCMTD:_trnsctrl_.obj
 0001:000036a0       @__security_check_cookie@4 004046a0 f   LIBCMTD:secchk.obj
 0001:000036b0       __isalpha_l                004046b0 f i LIBCMTD:_ctype.obj
 0001:00003740       ??0_LocaleUpdate@@QAE@PAUlocaleinfo_struct@@@Z 00404740 f i LIBCMTD:_ctype.obj
 0001:00003820       ??1_LocaleUpdate@@QAE@XZ   00404820 f i LIBCMTD:_ctype.obj
 0001:00003850       ?GetLocaleT@_LocaleUpdate@@QAEPAUlocaleinfo_struct@@XZ 00404850 f i LIBCMTD:_ctype.obj
 0001:00003860       _isalpha                   00404860 f i LIBCMTD:_ctype.obj
 0001:000038a0       __isupper_l                004048a0 f i LIBCMTD:_ctype.obj
 0001:00003920       _isupper                   00404920 f i LIBCMTD:_ctype.obj
 0001:00003950       __islower_l                00404950 f i LIBCMTD:_ctype.obj
 0001:000039d0       _islower                   004049d0 f i LIBCMTD:_ctype.obj
 0001:00003a00       __isdigit_l                00404a00 f i LIBCMTD:_ctype.obj
 0001:00003a80       _isdigit                   00404a80 f i LIBCMTD:_ctype.obj
 0001:00003ab0       __isxdigit_l               00404ab0 f i LIBCMTD:_ctype.obj
 0001:00003b40       _isxdigit                  00404b40 f i LIBCMTD:_ctype.obj
 0001:00003b80       __isspace_l                00404b80 f i LIBCMTD:_ctype.obj
 0001:00003c00       _isspace                   00404c00 f i LIBCMTD:_ctype.obj
 0001:00003c30       __ispunct_l                00404c30 f i LIBCMTD:_ctype.obj
 0001:00003cb0       _ispunct                   00404cb0 f i LIBCMTD:_ctype.obj
 0001:00003ce0       __isalnum_l                00404ce0 f i LIBCMTD:_ctype.obj
 0001:00003d70       _isalnum                   00404d70 f i LIBCMTD:_ctype.obj
 0001:00003db0       __isprint_l                00404db0 f i LIBCMTD:_ctype.obj
 0001:00003e40       _isprint                   00404e40 f i LIBCMTD:_ctype.obj
 0001:00003e80       __isgraph_l                00404e80 f i LIBCMTD:_ctype.obj
 0001:00003f10       _isgraph                   00404f10 f i LIBCMTD:_ctype.obj
 0001:00003f50       __iscntrl_l                00404f50 f i LIBCMTD:_ctype.obj
 0001:00003fd0       _iscntrl                   00404fd0 f i LIBCMTD:_ctype.obj
 0001:00004000       ___isascii                 00405000 f i LIBCMTD:_ctype.obj
 0001:00004020       ___toascii                 00405020 f i LIBCMTD:_ctype.obj
 0001:00004030       __iscsymf_l                00405030 f i LIBCMTD:_ctype.obj
 0001:00004070       ___iscsymf                 00405070 f i LIBCMTD:_ctype.obj
 0001:000040b0       __iscsym_l                 004050b0 f i LIBCMTD:_ctype.obj
 0001:000040f0       ___iscsym                  004050f0 f i LIBCMTD:_ctype.obj
 0001:00004130       _strtol                    00405130 f   LIBCMTD:strtol.obj
 0001:00004660       __strtol_l                 00405660 f   LIBCMTD:strtol.obj
 0001:00004690       _strtoul                   00405690 f   LIBCMTD:strtol.obj
 0001:000046e0       __strtoul_l                004056e0 f   LIBCMTD:strtol.obj
 0001:00004710       __mbscmp_l                 00405710 f   LIBCMTD:mbscmp.obj
 0001:00004960       __mbscmp                   00405960 f   LIBCMTD:mbscmp.obj
 0001:00004980       __mbsicmp_l                00405980 f   LIBCMTD:mbsicmp.obj
 0001:00004d70       __mbsicmp                  00405d70 f   LIBCMTD:mbsicmp.obj
 0001:00004d90       __onexit                   00405d90 f   LIBCMTD:onexit.obj
 0001:00004f60       _atexit                    00405f60 f   LIBCMTD:onexit.obj
 0001:00004f80       ___onexitinit              00405f80 f   LIBCMTD:onexit.obj
 0001:00004fe0       ??_M@YGXPAXIHP6EX0@Z@Z     00405fe0 f   LIBCMTD:ehvecdtr.obj
 0001:00005090       ?__ArrayUnwind@@YGXPAXIHP6EX0@Z@Z 00406090 f   LIBCMTD:ehvecdtr.obj
 0001:00005150       _WinMainCRTStartup         00406150 f   LIBCMTD:wincrt0.obj
 0001:00005400       _DebuggerKnownHandle       00406400 f   LIBCMTD:_error_.obj
 0001:000054c0       ?_RTC_Failure@@YAXPAXH@Z   004064c0 f   LIBCMTD:_error_.obj
 0001:000057d0       ?_RTC_StackFailure@@YAXPAXPBD@Z 004067d0 f   LIBCMTD:_error_.obj
 0001:000058d0       ?_RTC_AllocaFailure@@YAXPAXPAU_RTC_ALLOCA_NODE@@H@Z 004068d0 f   LIBCMTD:_error_.obj
 0001:00005a80       __RTC_UninitUse            00406a80 f   LIBCMTD:_error_.obj
 0001:00005b70       __RTC_NumErrors            00406b70 f   LIBCMTD:_userapi_.obj
 0001:00005b80       __RTC_GetErrDesc           00406b80 f   LIBCMTD:_userapi_.obj
 0001:00005ba0       __RTC_SetErrorType         00406ba0 f   LIBCMTD:_userapi_.obj
 0001:00005bd0       __RTC_SetErrorFunc         00406bd0 f   LIBCMTD:_userapi_.obj
 0001:00005bf0       __RTC_SetErrorFuncW        00406bf0 f   LIBCMTD:_userapi_.obj
 0001:00005c10       ?_RTC_GetErrorFunc@@YAP6AHHPBDH00ZZPBX@Z 00406c10 f   LIBCMTD:_userapi_.obj
 0001:00005c20       ?_RTC_GetErrorFuncW@@YAP6AHHPB_WH00ZZPBX@Z 00406c20 f   LIBCMTD:_userapi_.obj
 0001:00005c30       __chkesp                   00406c30 f   LIBCMTD:chkesp.obj
 0001:00005c70       __CRT_RTC_INIT             00406c70 f   LIBCMTD:chkesp.obj
 0001:00005c80       __CRT_RTC_INITW            00406c80 f   LIBCMTD:chkesp.obj
 0001:00005c90       ?_Type_info_dtor@type_info@@CAXPAV1@@Z 00406c90 f   LIBCMTD:typname.obj
 0001:00005da0       ?_Name_base@type_info@@CAPBDPBV1@PAU__type_info_node@@@Z 00406da0 f   LIBCMTD:typname.obj
 0001:00005f40       __invoke_watson_if_error   00406f40 f i LIBCMTD:typname.obj
 0001:00005f70       ?_Type_info_dtor_internal@type_info@@CAXPAV1@@Z 00406f70 f   LIBCMTD:typname.obj
 0001:00006080       ___unDNameHelper           00407080 f   LIBCMTD:typname.obj
 0001:000060c0       ?_Name_base_internal@type_info@@CAPBDPBV1@PAU__type_info_node@@@Z 004070c0 f   LIBCMTD:typname.obj
 0001:00006280       ___clean_type_info_names_internal 00407280 f   LIBCMTD:typname.obj
 0001:00006340       _strcmp                    00407340 f   LIBCMTD:strcmp.obj
 0001:000063d0       __mtinitlocks              004073d0 f   LIBCMTD:mlock.obj
 0001:00006460       __mtdeletelocks            00407460 f   LIBCMTD:mlock.obj
 0001:00006520       __mtinitlocknum            00407520 f   LIBCMTD:mlock.obj
 0001:00006670       __lock                     00407670 f   LIBCMTD:mlock.obj
 0001:000066b0       __unlock                   004076b0 f   LIBCMTD:mlock.obj
 0001:000066d0       __lockerr_exit             004076d0 f   LIBCMTD:mlock.obj
 0001:000066f0       __malloc_dbg               004076f0 f   LIBCMTD:dbgheap.obj
 0001:00006720       __nh_malloc                00407720 f   LIBCMTD:dbgheap.obj
 0001:00006740       __nh_malloc_dbg            00407740 f   LIBCMTD:dbgheap.obj
 0001:00006810       __heap_alloc               00407810 f   LIBCMTD:dbgheap.obj
 0001:00006be0       __heap_alloc_dbg           00407be0 f   LIBCMTD:dbgheap.obj
 0001:00006c40       __calloc_dbg_impl          00407c40 f   LIBCMTD:dbgheap.obj
 0001:00006d10       __calloc_dbg               00407d10 f   LIBCMTD:dbgheap.obj
 0001:00006d70       __recalloc                 00407d70 f   LIBCMTD:dbgheap.obj
 0001:00006da0       __realloc_dbg              00407da0 f   LIBCMTD:dbgheap.obj
 0001:00007440       __recalloc_dbg             00408440 f   LIBCMTD:dbgheap.obj
 0001:00007540       __expand                   00408540 f   LIBCMTD:dbgheap.obj
 0001:00007570       __expand_dbg               00408570 f   LIBCMTD:dbgheap.obj
 0001:00007680       __free_nolock              00408680 f   LIBCMTD:dbgheap.obj
 0001:000076a0       __free_dbg                 004086a0 f   LIBCMTD:dbgheap.obj
 0001:00007720       __free_dbg_nolock          00408720 f   LIBCMTD:dbgheap.obj
 0001:00007c00       __msize                    00408c00 f   LIBCMTD:dbgheap.obj
 0001:00007c20       __msize_dbg                00408c20 f   LIBCMTD:dbgheap.obj
 0001:00007e10       __CrtSetBreakAlloc         00408e10 f   LIBCMTD:dbgheap.obj
 0001:00007e30       __CrtSetDbgBlockType       00408e30 f   LIBCMTD:dbgheap.obj
 0001:00007f20       __CrtSetAllocHook          00408f20 f   LIBCMTD:dbgheap.obj
 0001:00007f40       __CrtGetAllocHook          00408f40 f   LIBCMTD:dbgheap.obj
 0001:00007fa0       __CrtCheckMemory           00408fa0 f   LIBCMTD:dbgheap.obj
 0001:00008400       __CrtSetDbgFlag            00409400 f   LIBCMTD:dbgheap.obj
 0001:00008550       __CrtDoForAllClientObjects 00409550 f   LIBCMTD:dbgheap.obj
 0001:00008670       __CrtIsValidPointer        00409670 f   LIBCMTD:dbgheap.obj
 0001:00008680       __CrtIsValidHeapPointer    00409680 f   LIBCMTD:dbgheap.obj
 0001:00008720       __CrtIsMemoryBlock         00409720 f   LIBCMTD:dbgheap.obj
 0001:00008890       __CrtReportBlockType       00409890 f   LIBCMTD:dbgheap.obj
 0001:000088c0       __CrtSetDumpClient         004098c0 f   LIBCMTD:dbgheap.obj
 0001:000088e0       __CrtGetDumpClient         004098e0 f   LIBCMTD:dbgheap.obj
 0001:000088f0       __CrtMemCheckpoint         004098f0 f   LIBCMTD:dbgheap.obj
 0001:00008b10       __CrtMemDifference         00409b10 f   LIBCMTD:dbgheap.obj
 0001:00008d30       __CrtMemDumpAllObjectsSince 00409d30 f   LIBCMTD:dbgheap.obj
 0001:00009220       __invoke_watson_if_oneof   0040a220 f i LIBCMTD:dbgheap.obj
 0001:00009270       __CrtDumpMemoryLeaks       0040a270 f   LIBCMTD:dbgheap.obj
 0001:000092e0       __CrtMemDumpStatistics     0040a2e0 f   LIBCMTD:dbgheap.obj
 0001:000093f0       __aligned_malloc           0040a3f0 f   LIBCMTD:dbgheap.obj
 0001:00009410       __aligned_malloc_dbg       0040a410 f   LIBCMTD:dbgheap.obj
 0001:00009440       __aligned_realloc          0040a440 f   LIBCMTD:dbgheap.obj
 0001:00009470       __aligned_recalloc         0040a470 f   LIBCMTD:dbgheap.obj
 0001:000094a0       __aligned_realloc_dbg      0040a4a0 f   LIBCMTD:dbgheap.obj
 0001:000094d0       __aligned_recalloc_dbg     0040a4d0 f   LIBCMTD:dbgheap.obj
 0001:00009500       __aligned_offset_malloc    0040a500 f   LIBCMTD:dbgheap.obj
 0001:00009520       __aligned_offset_malloc_dbg 0040a520 f   LIBCMTD:dbgheap.obj
 0001:000096c0       __aligned_offset_realloc   0040a6c0 f   LIBCMTD:dbgheap.obj
 0001:000096f0       __aligned_offset_recalloc  0040a6f0 f   LIBCMTD:dbgheap.obj
 0001:00009720       __aligned_offset_realloc_dbg 0040a720 f   LIBCMTD:dbgheap.obj
 0001:000099f0       __aligned_offset_recalloc_dbg 0040a9f0 f   LIBCMTD:dbgheap.obj
 0001:00009b00       __aligned_free             0040ab00 f   LIBCMTD:dbgheap.obj
 0001:00009b20       __aligned_free_dbg         0040ab20 f   LIBCMTD:dbgheap.obj
 0001:00009bd0       __CrtSetDebugFillThreshold 0040abd0 f   LIBCMTD:dbgheap.obj
 0001:00009bf0       __CrtSetCheckCount         0040abf0 f   LIBCMTD:dbgheap.obj
 0001:00009c10       __CrtGetCheckCount         0040ac10 f   LIBCMTD:dbgheap.obj
 0001:00009c20       __aligned_msize            0040ac20 f   LIBCMTD:dbgheap.obj
 0001:00009c40       __aligned_msize_dbg        0040ac40 f   LIBCMTD:dbgheap.obj
 0001:00009d50       __CrtSetReportHookW2       0040ad50 f   LIBCMTD:dbgrptw.obj
 0001:0000a070       __CrtDbgReportW            0040b070 f   LIBCMTD:dbgrptw.obj
 0001:0000a0b0       __CrtDbgReportWV           0040b0b0 f i LIBCMTD:dbgrptw.obj
 0001:0000a0e0       ___crtMessageWindowW       0040b0e0 f   LIBCMTD:dbgrptw.obj
 0001:0000a4e0       ?_CrtDbgReportW@@YAHHPBGH00ZZ 0040b4e0 f   LIBCMTD:dbgrptw.obj
 0001:0000a520       __except_handler4          0040b520 f   LIBCMTD:chandler4.obj
 0001:0000a740       __initp_heap_handler       0040b740 f   LIBCMTD:handler.obj
 0001:0000a750       ?_set_new_handler@@YAP6AHI@ZP6AHI@Z@Z 0040b750 f   LIBCMTD:handler.obj
 0001:0000a7a0       ?_set_new_handler@@YAP6AHI@ZH@Z 0040b7a0 f   LIBCMTD:handler.obj
 0001:0000a7e0       ?_query_new_handler@@YAP6AHI@ZXZ 0040b7e0 f   LIBCMTD:handler.obj
 0001:0000a800       __callnewh                 0040b800 f   LIBCMTD:handler.obj
 0001:0000a840       _malloc                    0040b840 f   LIBCMTD:dbgmalloc.obj
 0001:0000a870       __CxxThrowException@8      0040b870 f   LIBCMTD:throw.obj
 0001:0000a8d0       ??0exception@std@@QAE@XZ   0040b8d0 f   LIBCMTD:stdexcpt.obj
 0001:0000a900       ??_Eexception@std@@UAEPAXI@Z 0040b900 f i LIBCMTD:stdexcpt.obj
 0001:0000a900       ??_Gexception@std@@UAEPAXI@Z 0040b900 f i LIBCMTD:stdexcpt.obj
 0001:0000a930       ??0exception@std@@QAE@ABQBD@Z 0040b930 f   LIBCMTD:stdexcpt.obj
 0001:0000a9c0       ??0exception@std@@QAE@ABQBDH@Z 0040b9c0 f   LIBCMTD:stdexcpt.obj
 0001:0000a9f0       ??0exception@std@@QAE@ABV01@@Z 0040b9f0 f   LIBCMTD:stdexcpt.obj
 0001:0000aa90       ??4exception@std@@QAEAAV01@ABV01@@Z 0040ba90 f   LIBCMTD:stdexcpt.obj
 0001:0000ab40       ??1exception@std@@UAE@XZ   0040bb40 f   LIBCMTD:stdexcpt.obj
 0001:0000ab70       ?what@exception@std@@UBEPBDXZ 0040bb70 f   LIBCMTD:stdexcpt.obj
 0001:0000aba0       ??0bad_cast@std@@QAE@PBD@Z 0040bba0 f   LIBCMTD:stdexcpt.obj
 0001:0000abd0       ??_Ebad_cast@std@@UAEPAXI@Z 0040bbd0 f i LIBCMTD:stdexcpt.obj
 0001:0000abd0       ??_Gbad_cast@std@@UAEPAXI@Z 0040bbd0 f i LIBCMTD:stdexcpt.obj
 0001:0000ac00       ??0bad_cast@std@@QAE@ABV01@@Z 0040bc00 f   LIBCMTD:stdexcpt.obj
 0001:0000ac30       ??1bad_cast@std@@UAE@XZ    0040bc30 f   LIBCMTD:stdexcpt.obj
 0001:0000ac50       ??0bad_typeid@std@@QAE@PBD@Z 0040bc50 f   LIBCMTD:stdexcpt.obj
 0001:0000ac80       ??_Ebad_typeid@std@@UAEPAXI@Z 0040bc80 f i LIBCMTD:stdexcpt.obj
 0001:0000ac80       ??_Gbad_typeid@std@@UAEPAXI@Z 0040bc80 f i LIBCMTD:stdexcpt.obj
 0001:0000acb0       ??0bad_typeid@std@@QAE@ABV01@@Z 0040bcb0 f   LIBCMTD:stdexcpt.obj
 0001:0000ace0       ??1bad_typeid@std@@UAE@XZ  0040bce0 f   LIBCMTD:stdexcpt.obj
 0001:0000ad00       ??0__non_rtti_object@std@@QAE@PBD@Z 0040bd00 f   LIBCMTD:stdexcpt.obj
 0001:0000ad30       ??_G__non_rtti_object@std@@UAEPAXI@Z 0040bd30 f i LIBCMTD:stdexcpt.obj
 0001:0000ad30       ??_E__non_rtti_object@std@@UAEPAXI@Z 0040bd30 f i LIBCMTD:stdexcpt.obj
 0001:0000ad60       ??0__non_rtti_object@std@@QAE@ABV01@@Z 0040bd60 f   LIBCMTD:stdexcpt.obj
 0001:0000ad90       ??1__non_rtti_object@std@@UAE@XZ 0040bd90 f   LIBCMTD:stdexcpt.obj
 0001:0000adb0       ___InternalCxxFrameHandler 0040bdb0 f   LIBCMTD:frame.obj
 0001:0000b3b0       ??0bad_exception@std@@QAE@PBD@Z 0040c3b0 f i LIBCMTD:frame.obj
 0001:0000b3e0       ??1bad_exception@std@@UAE@XZ 0040c3e0 f i LIBCMTD:frame.obj
 0001:0000b400       ??_Gbad_exception@std@@UAEPAXI@Z 0040c400 f i LIBCMTD:frame.obj
 0001:0000b400       ??_Ebad_exception@std@@UAEPAXI@Z 0040c400 f i LIBCMTD:frame.obj
 0001:0000b430       ??0bad_exception@std@@QAE@ABV01@@Z 0040c430 f i LIBCMTD:frame.obj
 0001:0000b5e0       ___TypeMatch               0040c5e0 f   LIBCMTD:frame.obj
 0001:0000b690       ___FrameUnwindFilter       0040c690 f   LIBCMTD:frame.obj
 0001:0000b710       ___FrameUnwindToState      0040c710 f   LIBCMTD:frame.obj
 0001:0000bc50       ___BuildCatchObjectHelper  0040cc50 f   LIBCMTD:frame.obj
 0001:0000bec0       ___BuildCatchObject        0040cec0 f   LIBCMTD:frame.obj
 0001:0000bfd0       ___DestructExceptionObject 0040cfd0 f   LIBCMTD:frame.obj
 0001:0000c080       ___AdjustPointer           0040d080 f   LIBCMTD:frame.obj
 0001:0000c0d0       ?__uncaught_exception@@YA_NXZ 0040d0d0 f   LIBCMTD:frame.obj
 0001:0000c0f0       ___CxxExceptionFilter      0040d0f0 f   LIBCMTD:frame.obj
 0001:0000c2e0       ___CxxRegisterExceptionObject 0040d2e0 f   LIBCMTD:frame.obj
 0001:0000c410       ___CxxDetectRethrow        0040d410 f   LIBCMTD:frame.obj
 0001:0000c4a0       ___CxxUnregisterExceptionObject 0040d4a0 f   LIBCMTD:frame.obj
 0001:0000c620       ___CxxQueryExceptionSize   0040d620 f   LIBCMTD:frame.obj
 0001:0000c630       ___CxxCallUnwindDtor       0040d630 f   LIBCMTD:frame.obj
 0001:0000c6b0       ___CxxCallUnwindDelDtor    0040d6b0 f   LIBCMTD:frame.obj
 0001:0000c730       ___CxxCallUnwindStdDelDtor 0040d730 f   LIBCMTD:frame.obj
 0001:0000c7b0       ___CxxCallUnwindVecDtor    0040d7b0 f   LIBCMTD:frame.obj
 0001:0000c9e0       ?_is_exception_typeof@@YAHABVtype_info@@PAU_EXCEPTION_POINTERS@@@Z 0040d9e0 f   LIBCMTD:frame.obj
 0001:0000cac0       __CallSettingFrame@12      0040dac0 f   LIBCMTD:lowhelpr.obj
 0001:0000cae7       __NLG_Return               0040dae7     LIBCMTD:lowhelpr.obj
 0001:0000cb10       __encode_pointer           0040db10 f   LIBCMTD:tidtable.obj
 0001:0000cbb0       __crt_wait_module_handle   0040dbb0 f i LIBCMTD:tidtable.obj
 0001:0000cbe0       __encoded_null             0040dbe0 f   LIBCMTD:tidtable.obj
 0001:0000cc00       __decode_pointer           0040dc00 f   LIBCMTD:tidtable.obj
 0001:0000cca0       ___crtTlsAlloc@4           0040dca0 f   LIBCMTD:tidtable.obj
 0001:0000ccb0       ___fls_getvalue@4          0040dcb0 f   LIBCMTD:tidtable.obj
 0001:0000ccd0       ___get_flsindex            0040dcd0 f   LIBCMTD:tidtable.obj
 0001:0000cce0       ___set_flsgetvalue         0040dce0 f   LIBCMTD:tidtable.obj
 0001:0000cd30       ___fls_setvalue@8          0040dd30 f   LIBCMTD:tidtable.obj
 0001:0000cd60       __mtinit                   0040dd60 f   LIBCMTD:tidtable.obj
 0001:0000cf70       __mtterm                   0040df70 f   LIBCMTD:tidtable.obj
 0001:0000cfd0       __initptd                  0040dfd0 f   LIBCMTD:tidtable.obj
 0001:0000d130       __getptd_noexit            0040e130 f   LIBCMTD:tidtable.obj
 0001:0000d1f0       __getptd                   0040e1f0 f   LIBCMTD:tidtable.obj
 0001:0000d220       __freefls@4                0040e220 f   LIBCMTD:tidtable.obj
 0001:0000d430       __freeptd                  0040e430 f   LIBCMTD:tidtable.obj
 0001:0000d4b0       ___threadid                0040e4b0 f   LIBCMTD:tidtable.obj
 0001:0000d4c0       ___threadhandle            0040e4c0 f   LIBCMTD:tidtable.obj
 0001:0000d4d0       __initp_eh_hooks           0040e4d0 f   LIBCMTD:hooks.obj
 0001:0000d4f0       ?terminate@@YAXXZ          0040e4f0 f   LIBCMTD:hooks.obj
 0001:0000d570       ?unexpected@@YAXXZ         0040e570 f   LIBCMTD:hooks.obj
 0001:0000d5a0       ?_inconsistency@@YAXXZ     0040e5a0 f   LIBCMTD:hooks.obj
 0001:0000d630       ___report_gsfailure        0040e630 f   LIBCMTD:gs_report.obj
 0001:0000d740       __chvalidator              0040e740 f   LIBCMTD:isctype.obj
 0001:0000d790       __chvalidator_l            0040e790 f   LIBCMTD:isctype.obj
 0001:0000d840       __isctype_l                0040e840 f   LIBCMTD:isctype.obj
 0001:0000d960       __isctype                  0040e960 f   LIBCMTD:isctype.obj
 0001:0000d9a0       ___updatetmbcinfo          0040e9a0 f   LIBCMTD:mbctype.obj
 0001:0000dab0       __setmbcp                  0040eab0 f   LIBCMTD:mbctype.obj
 0001:0000de60       __setmbcp_nolock           0040ee60 f   LIBCMTD:mbctype.obj
 0001:0000e650       __getmbcp                  0040f650 f   LIBCMTD:mbctype.obj
 0001:0000e6c0       ___initmbctable            0040f6c0 f   LIBCMTD:mbctype.obj
 0001:0000e6f0       ____setlc_active_func      0040f6f0 f   LIBCMTD:setlocal.obj
 0001:0000e700       ____unguarded_readlc_active_add_func 0040f700 f   LIBCMTD:setlocal.obj
 0001:0000e710       ___freetlocinfo            0040f710 f   LIBCMTD:setlocal.obj
 0001:0000e9f0       ___addlocaleref            0040f9f0 f   LIBCMTD:setlocal.obj
 0001:0000eb10       ___removelocaleref         0040fb10 f   LIBCMTD:setlocal.obj
 0001:0000ec40       ___updatetlocinfo          0040fc40 f   LIBCMTD:setlocal.obj
 0001:0000ed90       __configthreadlocale       0040fd90 f   LIBCMTD:setlocal.obj
 0001:0000eea0       __locterm                  0040fea0 f   LIBCMTD:setlocal.obj
 0001:0000ef40       __free_locale              0040ff40 f   LIBCMTD:setlocal.obj
 0001:0000f080       ___free_locale             00410080 f   LIBCMTD:setlocal.obj
 0001:0000f0a0       __create_locale            004100a0 f   LIBCMTD:setlocal.obj
 0001:0000f2d0       ___create_locale           004102d0 f   LIBCMTD:setlocal.obj
 0001:0000f2f0       __get_current_locale       004102f0 f   LIBCMTD:setlocal.obj
 0001:0000f410       ___get_current_locale      00410410 f   LIBCMTD:setlocal.obj
 0001:0000f420       _setlocale                 00410420 f   LIBCMTD:setlocal.obj
 0001:00010330       __expandlocale             00411330 f   LIBCMTD:setlocal.obj
 0001:000105e0       ___init_dummy              004115e0 f   LIBCMTD:setlocal.obj
 0001:000105f0       __strcats                  004115f0 f   LIBCMTD:setlocal.obj
 0001:00010670       ___lc_strtolc              00411670 f   LIBCMTD:setlocal.obj
 0001:00010870       ___lc_lctostr              00411870 f   LIBCMTD:setlocal.obj
 0001:00010910       __initp_misc_invarg        00411910 f   LIBCMTD:invarg.obj
 0001:00010920       __invalid_parameter        00411920 f   LIBCMTD:invarg.obj
 0001:00010990       __invoke_watson            00411990 f   LIBCMTD:invarg.obj
 0001:00010ae0       __set_invalid_parameter_handler 00411ae0 f   LIBCMTD:invarg.obj
 0001:00010b30       __get_invalid_parameter_handler 00411b30 f   LIBCMTD:invarg.obj
 0001:00010b60       ?_invalid_parameter@@YAXPBG00II@Z 00411b60 f   LIBCMTD:invarg.obj
 0001:00010b90       ?_invoke_watson@@YAXPBG00II@Z 00411b90 f   LIBCMTD:invarg.obj
 0001:00010bc0       __dosmaperr                00411bc0 f   LIBCMTD:dosmap.obj
 0001:00010bf0       __get_errno_from_oserr     00411bf0 f   LIBCMTD:dosmap.obj
 0001:00010c70       __set_errno                00411c70 f   LIBCMTD:dosmap.obj
 0001:00010ca0       __get_errno                00411ca0 f   LIBCMTD:dosmap.obj
 0001:00010d20       __set_doserrno             00411d20 f   LIBCMTD:dosmap.obj
 0001:00010d50       __get_doserrno             00411d50 f   LIBCMTD:dosmap.obj
 0001:00010dd0       __errno                    00411dd0 f   LIBCMTD:dosmap.obj
 0001:00010e00       ___doserrno                00411e00 f   LIBCMTD:dosmap.obj
 0001:00010e30       ___crtLCMapStringA         00411e30 f   LIBCMTD:a_map.obj
 0001:00011390       __MarkAllocaS              00412390 f i LIBCMTD:a_map.obj
 0001:000113c0       __freea                    004123c0 f i LIBCMTD:a_map.obj
 0001:00011480       __stricmp_l                00412480 f   LIBCMTD:stricmp.obj
 0001:00011630       ___ascii_stricmp           00412630 f   LIBCMTD:stricmp.obj
 0001:000116b0       __stricmp                  004126b0 f   LIBCMTD:stricmp.obj
 0001:000117c0       __crt_waiting_on_module_handle 004127c0 f   LIBCMTD:crt0dat.obj
 0001:00011820       __cinit                    00412820 f   LIBCMTD:crt0dat.obj
 0001:000118c0       _exit                      004128c0 f   LIBCMTD:crt0dat.obj
 0001:000118e0       __exit                     004128e0 f   LIBCMTD:crt0dat.obj
 0001:00011900       __cexit                    00412900 f   LIBCMTD:crt0dat.obj
 0001:00011920       __c_exit                   00412920 f   LIBCMTD:crt0dat.obj
 0001:00011940       __amsg_exit                00412940 f   LIBCMTD:crt0dat.obj
 0001:00011980       ___freeCrtMemory           00412980 f   LIBCMTD:crt0dat.obj
 0001:00011cd0       ___crtCorExitProcess       00412cd0 f   LIBCMTD:crt0dat.obj
 0001:00011d10       ___crtExitProcess          00412d10 f   LIBCMTD:crt0dat.obj
 0001:00011d30       __lockexit                 00412d30 f   LIBCMTD:crt0dat.obj
 0001:00011d50       __unlockexit               00412d50 f   LIBCMTD:crt0dat.obj
 0001:00011d70       __init_pointers            00412d70 f   LIBCMTD:crt0dat.obj
 0001:00011e30       __initterm_e               00412e30 f   LIBCMTD:crt0dat.obj
 0001:00011e70       __get_wpgmptr              00412e70 f   LIBCMTD:crt0dat.obj
 0001:00011f60       __get_pgmptr               00412f60 f   LIBCMTD:crt0dat.obj
 0001:00012050       ?__CxxUnhandledExceptionFilter@@YGJPAU_EXCEPTION_POINTERS@@@Z 00413050 f   LIBCMTD:unhandld.obj
 0001:000120c0       ___CxxSetUnhandledExceptionFilter 004130c0 f   LIBCMTD:unhandld.obj
 0001:000120e0       ___security_init_cookie    004130e0 f   LIBCMTD:gs_support.obj
 0001:000121c0       __initp_misc_winxfltr      004131c0 f   LIBCMTD:winxfltr.obj
 0001:000121d0       ___CppXcptFilter           004131d0 f   LIBCMTD:winxfltr.obj
 0001:00012200       __XcptFilter               00413200 f   LIBCMTD:winxfltr.obj
 0001:00012430       __wincmdln                 00413430 f   LIBCMTD:wincmdln.obj
 0001:00012500       __setenvp                  00413500 f   LIBCMTD:stdenvp.obj
 0001:000126a0       __setargv                  004136a0 f   LIBCMTD:stdargv.obj
 0001:000127c0       __set_pgmptr               004137c0 f i LIBCMTD:stdargv.obj
 0001:00012b30       ___crtGetEnvironmentStringsA 00413b30 f   LIBCMTD:a_env.obj
 0001:00012d50       __ioinit                   00413d50 f   LIBCMTD:ioinit.obj
 0001:000131f0       __ioterm                   004141f0 f   LIBCMTD:ioinit.obj
 0001:00013290       __RTC_Initialize           00414290 f   LIBCMTD:_initsect_.obj
 0001:000132c0       __RTC_Terminate            004142c0 f   LIBCMTD:_initsect_.obj
 0001:000132f0       ___heap_select             004142f0 f   LIBCMTD:heapinit.obj
 0001:00013310       __heap_init                00414310 f   LIBCMTD:heapinit.obj
 0001:00013390       __heap_term                00414390 f   LIBCMTD:heapinit.obj
 0001:00013430       __get_heap_handle          00414430 f   LIBCMTD:heapinit.obj
 0001:00013470       __FF_MSGBANNER             00414470 f   LIBCMTD:crt0msg.obj
 0001:000134c0       __NMSG_WRITE               004144c0 f   LIBCMTD:crt0msg.obj
 0001:00013760       __GET_RTERRMSG             00414760 f   LIBCMTD:crt0msg.obj
 0001:000137b0       ?_RTC_GetSrcLine@@YAHPAEPA_WKPAH1K@Z 004147b0 f   LIBCMTD:_pdblkup_.obj
 0001:00013c50       __CrtSetReportHook2        00414c50 f   LIBCMTD:dbgrpt.obj
 0001:00013f70       __CrtDbgReport             00414f70 f   LIBCMTD:dbgrpt.obj
 0001:00013fb0       __CrtDbgReportV            00414fb0 f i LIBCMTD:dbgrpt.obj
 0001:00013fe0       ___crtMessageWindowA       00414fe0 f   LIBCMTD:dbgrpt.obj
 0001:000143e0       _free                      004153e0 f   LIBCMTD:dbgfree.obj
 0001:00014400       _strcpy_s                  00415400 f   LIBCMTD:strcpy_s.obj
 0001:000146e0       _strlen                    004156e0 f   LIBCMTD:strlen.obj
 0001:00014770       ___unDName                 00415770 f   LIBCMTD:undname.obj
 0001:00014850       ?Constructor@HeapManager@@QAEXP6APAXI@ZP6AXPAX@Z@Z 00415850 f i LIBCMTD:undname.obj
 0001:00014890       ?Destructor@HeapManager@@QAEXXZ 00415890 f i LIBCMTD:undname.obj
 0001:000148e0       ___unDNameEx               004158e0 f   LIBCMTD:undname.obj
 0001:000149c0       ??0UnDecorator@@QAE@PADPBDHP6APADJ@ZK@Z 004159c0 f i LIBCMTD:undname.obj
 0001:00014a60       ??BUnDecorator@@QAEPADXZ   00415a60 f i LIBCMTD:undname.obj
 0001:00014c90       ?dbGetString@DName@@QBEPADXZ 00415c90 f   LIBCMTD:undname.obj
 0001:00014cc0       ?getDecoratedName@UnDecorator@@CA?AVDName@@XZ 00415cc0 f   LIBCMTD:undname.obj
 0001:00014fd0       ?getSymbolName@UnDecorator@@CA?AVDName@@XZ 00415fd0 f i LIBCMTD:undname.obj
 0001:00015050       ?getZName@UnDecorator@@CA?AVDName@@_N0@Z 00416050 f   LIBCMTD:undname.obj
 0001:000152f0       ?getOperatorName@UnDecorator@@CA?AVDName@@_NPA_N@Z 004162f0 f i LIBCMTD:undname.obj
 0001:00015c60       ?getStringEncoding@UnDecorator@@CA?AVDName@@PADH@Z 00416c60 f   LIBCMTD:undname.obj
 0001:00015d60       ?getScope@UnDecorator@@CA?AVDName@@XZ 00416d60 f   LIBCMTD:undname.obj
 0001:00016140       ?getSignedDimension@UnDecorator@@CA?AVDName@@XZ 00417140 f   LIBCMTD:undname.obj
 0001:000161c0       ?getDimension@UnDecorator@@CA?AVDName@@_N@Z 004171c0 f   LIBCMTD:undname.obj
 0001:00016470       ?getNumberOfDimensions@UnDecorator@@CAHXZ 00417470 f   LIBCMTD:undname.obj
 0001:00016570       ?getTemplateName@UnDecorator@@CA?AVDName@@_N@Z 00417570 f   LIBCMTD:undname.obj
 0001:00016730       ?getTemplateArgumentList@UnDecorator@@CA?AVDName@@XZ 00417730 f   LIBCMTD:undname.obj
 0001:000169b0       ?getTemplateConstant@UnDecorator@@CA?AVDName@@XZ 004179b0 f   LIBCMTD:undname.obj
 0001:00016e40       ?composeDeclaration@UnDecorator@@CA?AVDName@@ABV2@@Z 00417e40 f i LIBCMTD:undname.obj
 0001:00018440       ?getTypeEncoding@UnDecorator@@CAHXZ 00419440 f i LIBCMTD:undname.obj
 0001:00018e80       ?getBasedType@UnDecorator@@CA?AVDName@@XZ 00419e80 f   LIBCMTD:undname.obj
 0001:00018f40       ?getScopedName@UnDecorator@@CA?AVDName@@XZ 00419f40 f   LIBCMTD:undname.obj
 0001:00019060       ?getCallingConvention@UnDecorator@@CA?AVDName@@XZ 0041a060 f   LIBCMTD:undname.obj
 0001:000191c0       ?getReturnType@UnDecorator@@CA?AVDName@@PAV2@@Z 0041a1c0 f   LIBCMTD:undname.obj
 0001:00019210       ?getDataType@UnDecorator@@CA?AVDName@@PAV2@@Z 0041a210 f   LIBCMTD:undname.obj
 0001:00019320       ?getPrimaryDataType@UnDecorator@@CA?AVDName@@ABV2@@Z 0041a320 f   LIBCMTD:undname.obj
 0001:000195d0       ?getArgumentTypes@UnDecorator@@CA?AVDName@@XZ 0041a5d0 f   LIBCMTD:undname.obj
 0001:00019730       ?getArgumentList@UnDecorator@@CA?AVDName@@XZ 0041a730 f   LIBCMTD:undname.obj
 0001:00019880       ?getThrowTypes@UnDecorator@@CA?AVDName@@XZ 0041a880 f   LIBCMTD:undname.obj
 0001:00019930       ?getBasicDataType@UnDecorator@@CA?AVDName@@ABV2@@Z 0041a930 f   LIBCMTD:undname.obj
 0001:00019ee0       ?getECSUDataType@UnDecorator@@CA?AVDName@@XZ 0041aee0 f   LIBCMTD:undname.obj
 0001:0001a0b0       ?getECSUName@UnDecorator@@CA?AVDName@@XZ 0041b0b0 f i LIBCMTD:undname.obj
 0001:0001a0d0       ?getEnumType@UnDecorator@@CA?AVDName@@XZ 0041b0d0 f i LIBCMTD:undname.obj
 0001:0001a220       ?getFunctionIndirectType@UnDecorator@@CA?AVDName@@ABV2@@Z 0041b220 f   LIBCMTD:undname.obj
 0001:0001a660       ?getPtrRefType@UnDecorator@@CA?AVDName@@ABV2@0D@Z 0041b660 f   LIBCMTD:undname.obj
 0001:0001a7c0       ?getExtendedDataIndirectType@UnDecorator@@CA?AVDName@@AADAA_NH@Z 0041b7c0 f   LIBCMTD:undname.obj
 0001:0001a9d0       ?getDataIndirectType@UnDecorator@@CA?AVDName@@ABV2@D0H@Z 0041b9d0 f   LIBCMTD:undname.obj
 0001:0001b0d0       ?getPtrRefDataType@UnDecorator@@CA?AVDName@@ABV2@H@Z 0041c0d0 f i LIBCMTD:undname.obj
 0001:0001b210       ?getArrayType@UnDecorator@@CA?AVDName@@ABV2@@Z 0041c210 f i LIBCMTD:undname.obj
 0001:0001b440       ?getLexicalFrame@UnDecorator@@CA?AVDName@@XZ 0041c440 f i LIBCMTD:undname.obj
 0001:0001b480       ?getThisType@UnDecorator@@CA?AVDName@@XZ 0041c480 f i LIBCMTD:undname.obj
 0001:0001b4c0       ?getPointerType@UnDecorator@@CA?AVDName@@ABV2@0@Z 0041c4c0 f i LIBCMTD:undname.obj
 0001:0001b4e0       ?getPointerTypeArray@UnDecorator@@CA?AVDName@@ABV2@0@Z 0041c4e0 f i LIBCMTD:undname.obj
 0001:0001b500       ?getReferenceType@UnDecorator@@CA?AVDName@@ABV2@0@Z 0041c500 f i LIBCMTD:undname.obj
 0001:0001b520       ?getDisplacement@UnDecorator@@CA?AVDName@@XZ 0041c520 f i LIBCMTD:undname.obj
 0001:0001b540       ?getCallIndex@UnDecorator@@CA?AVDName@@XZ 0041c540 f i LIBCMTD:undname.obj
 0001:0001b560       ?getGuardNumber@UnDecorator@@CA?AVDName@@XZ 0041c560 f i LIBCMTD:undname.obj
 0001:0001b580       ?getVbTableType@UnDecorator@@CA?AVDName@@ABV2@@Z 0041c580 f i LIBCMTD:undname.obj
 0001:0001b5a0       ?getVCallThunkType@UnDecorator@@CA?AVDName@@XZ 0041c5a0 f i LIBCMTD:undname.obj
 0001:0001b600       ?getVfTableType@UnDecorator@@CA?AVDName@@ABV2@@Z 0041c600 f i LIBCMTD:undname.obj
 0001:0001b7c0       ?getStorageConvention@UnDecorator@@CA?AVDName@@XZ 0041c7c0 f i LIBCMTD:undname.obj
 0001:0001b7e0       ?getDataIndirectType@UnDecorator@@CA?AVDName@@XZ 0041c7e0 f i LIBCMTD:undname.obj
 0001:0001b820       ?getVdispMapType@UnDecorator@@CA?AVDName@@ABV2@@Z 0041c820 f i LIBCMTD:undname.obj
 0001:0001b890       ?getExternalDataType@UnDecorator@@CA?AVDName@@ABV2@@Z 0041c890 f i LIBCMTD:undname.obj
 0001:0001b920       ?doMSKeywords@UnDecorator@@SAHXZ 0041c920 f i LIBCMTD:undname.obj
 0001:0001b940       ?doPtr64@UnDecorator@@SAHXZ 0041c940 f i LIBCMTD:undname.obj
 0001:0001b960       ?doFunctionReturns@UnDecorator@@SAHXZ 0041c960 f i LIBCMTD:undname.obj
 0001:0001b980       ?doAllocationModel@UnDecorator@@SAHXZ 0041c980 f i LIBCMTD:undname.obj
 0001:0001b9a0       ?doAllocationLanguage@UnDecorator@@SAHXZ 0041c9a0 f i LIBCMTD:undname.obj
 0001:0001b9c0       ?doThisTypes@UnDecorator@@SAHXZ 0041c9c0 f i LIBCMTD:undname.obj
 0001:0001b9e0       ?doAccessSpecifiers@UnDecorator@@SAHXZ 0041c9e0 f i LIBCMTD:undname.obj
 0001:0001ba00       ?doThrowTypes@UnDecorator@@SAHXZ 0041ca00 f i LIBCMTD:undname.obj
 0001:0001ba20       ?doMemberTypes@UnDecorator@@SAHXZ 0041ca20 f i LIBCMTD:undname.obj
 0001:0001ba40       ?doNameOnly@UnDecorator@@SAHXZ 0041ca40 f i LIBCMTD:undname.obj
 0001:0001ba60       ?doTypeOnly@UnDecorator@@SAHXZ 0041ca60 f i LIBCMTD:undname.obj
 0001:0001ba80       ?haveTemplateParameters@UnDecorator@@SAHXZ 0041ca80 f i LIBCMTD:undname.obj
 0001:0001baa0       ?doEcsu@UnDecorator@@SAHXZ 0041caa0 f i LIBCMTD:undname.obj
 0001:0001bac0       ?doEllipsis@UnDecorator@@SAHXZ 0041cac0 f i LIBCMTD:undname.obj
 0001:0001bae0       ?UScore@UnDecorator@@SAPBDW4Tokens@@@Z 0041cae0 f   LIBCMTD:undname.obj
 0001:0001bb10       ?doUnderScore@UnDecorator@@SAHXZ 0041cb10 f i LIBCMTD:undname.obj
 0001:0001bb30       ??2@YAPAXIAAVHeapManager@@H@Z 0041cb30 f i LIBCMTD:undname.obj
 0001:0001bb50       ?getMemory@HeapManager@@QAEPAXIH@Z 0041cb50 f   LIBCMTD:undname.obj
 0001:0001bc60       ??0Block@HeapManager@@QAE@XZ 0041cc60 f i LIBCMTD:undname.obj
 0001:0001bc80       ??H@YA?AVDName@@DABV0@@Z   0041cc80 f i LIBCMTD:undname.obj
 0001:0001bcb0       ??H@YA?AVDName@@W4DNameStatus@@ABV0@@Z 0041ccb0 f i LIBCMTD:undname.obj
 0001:0001bce0       ??H@YA?AVDName@@PBDABV0@@Z 0041cce0 f i LIBCMTD:undname.obj
 0001:0001bd10       ??0DName@@QAE@XZ           0041cd10 f i LIBCMTD:undname.obj
 0001:0001bdd0       ??0DName@@QAE@D@Z          0041cdd0 f   LIBCMTD:undname.obj
 0001:0001beb0       ??0DName@@QAE@ABV0@@Z      0041ceb0 f i LIBCMTD:undname.obj
 0001:0001bee0       ??0DName@@QAE@PAV0@@Z      0041cee0 f   LIBCMTD:undname.obj
 0001:0001c010       ??0DName@@QAE@PBD@Z        0041d010 f   LIBCMTD:undname.obj
 0001:0001c0f0       ??0DName@@QAE@AAPBDD@Z     0041d0f0 f   LIBCMTD:undname.obj
 0001:0001c3b0       ?doNoIdentCharCheck@UnDecorator@@SAHXZ 0041d3b0 f i LIBCMTD:undname.obj
 0001:0001c3d0       ??0DName@@QAE@_K@Z         0041d3d0 f   LIBCMTD:undname.obj
 0001:0001c510       ??0DName@@QAE@_J@Z         0041d510 f   LIBCMTD:undname.obj
 0001:0001c690       ??0DName@@QAE@W4DNameStatus@@@Z 0041d690 f   LIBCMTD:undname.obj
 0001:0001c7b0       ?isValid@DName@@QBEHXZ     0041d7b0 f i LIBCMTD:undname.obj
 0001:0001c7e0       ?isEmpty@DName@@QBEHXZ     0041d7e0 f i LIBCMTD:undname.obj
 0001:0001c800       ?status@DName@@QBE?AW4DNameStatus@@XZ 0041d800 f i LIBCMTD:undname.obj
 0001:0001c820       ?setPtrRef@DName@@QAEAAV1@XZ 0041d820 f i LIBCMTD:undname.obj
 0001:0001c850       ?isPtrRef@DName@@QBEHXZ    0041d850 f i LIBCMTD:undname.obj
 0001:0001c870       ?isUDC@DName@@QBEHXZ       0041d870 f i LIBCMTD:undname.obj
 0001:0001c8b0       ?setIsUDC@DName@@QAEXXZ    0041d8b0 f i LIBCMTD:undname.obj
 0001:0001c8e0       ?isUDTThunk@DName@@QBEHXZ  0041d8e0 f i LIBCMTD:undname.obj
 0001:0001c920       ?setIsArray@DName@@QAEXXZ  0041d920 f i LIBCMTD:undname.obj
 0001:0001c940       ?isArray@DName@@QBEHXZ     0041d940 f i LIBCMTD:undname.obj
 0001:0001c960       ?isNoTE@DName@@QBEHXZ      0041d960 f i LIBCMTD:undname.obj
 0001:0001c980       ?setIsNoTE@DName@@QAEXXZ   0041d980 f i LIBCMTD:undname.obj
 0001:0001c9a0       ?isPinPtr@DName@@QBEHXZ    0041d9a0 f i LIBCMTD:undname.obj
 0001:0001c9c0       ?setIsPinPtr@DName@@QAEXXZ 0041d9c0 f i LIBCMTD:undname.obj
 0001:0001c9e0       ?isComArray@DName@@QBEHXZ  0041d9e0 f i LIBCMTD:undname.obj
 0001:0001ca00       ?setIsComArray@DName@@QAEXXZ 0041da00 f i LIBCMTD:undname.obj
 0001:0001ca20       ?isVCallThunk@DName@@QBEHXZ 0041da20 f i LIBCMTD:undname.obj
 0001:0001ca40       ?setIsVCallThunk@DName@@QAEXXZ 0041da40 f i LIBCMTD:undname.obj
 0001:0001ca60       ?length@DName@@QBEHXZ      0041da60 f i LIBCMTD:undname.obj
 0001:0001ca90       ?getLastChar@DName@@QBEDXZ 0041da90 f i LIBCMTD:undname.obj
 0001:0001cac0       ?getString@DName@@QBEPADPADH@Z 0041dac0 f i LIBCMTD:undname.obj
 0001:0001cb50       ?getString@DName@@QBEPADPAD0@Z 0041db50 f i LIBCMTD:undname.obj
 0001:0001cb90       ??HDName@@QBE?AV0@D@Z      0041db90 f   LIBCMTD:undname.obj
 0001:0001cbd0       ??HDName@@QBE?AV0@PBD@Z    0041dbd0 f   LIBCMTD:undname.obj
 0001:0001cc10       ??HDName@@QBE?AV0@ABV0@@Z  0041dc10 f   LIBCMTD:undname.obj
 0001:0001cc50       ??HDName@@QBE?AV0@PAV0@@Z  0041dc50 f   LIBCMTD:undname.obj
 0001:0001cc90       ??HDName@@QBE?AV0@W4DNameStatus@@@Z 0041dc90 f   LIBCMTD:undname.obj
 0001:0001ccd0       ?append@DName@@AAEXPAVDNameNode@@@Z 0041dcd0 f   LIBCMTD:undname.obj
 0001:0001cd60       ??YDName@@QAEAAV0@D@Z      0041dd60 f   LIBCMTD:undname.obj
 0001:0001cdf0       ??YDName@@QAEAAV0@PBD@Z    0041ddf0 f   LIBCMTD:undname.obj
 0001:0001ce90       ??YDName@@QAEAAV0@ABV0@@Z  0041de90 f   LIBCMTD:undname.obj
 0001:0001cf00       ??YDName@@QAEAAV0@PAV0@@Z  0041df00 f   LIBCMTD:undname.obj
 0001:0001cfc0       ??YDName@@QAEAAV0@W4DNameStatus@@@Z 0041dfc0 f   LIBCMTD:undname.obj
 0001:0001d030       ??_5DName@@QAEAAV0@ABV0@@Z 0041e030 f   LIBCMTD:undname.obj
 0001:0001d090       ??4DName@@QAEAAV0@D@Z      0041e090 f i LIBCMTD:undname.obj
 0001:0001d170       ??4DName@@QAEAAV0@PBD@Z    0041e170 f   LIBCMTD:undname.obj
 0001:0001d250       ??4DName@@QAEAAV0@ABV0@@Z  0041e250 f   LIBCMTD:undname.obj
 0001:0001d280       ??4DName@@QAEAAV0@PAV0@@Z  0041e280 f   LIBCMTD:undname.obj
 0001:0001d3c0       ??4DName@@QAEAAV0@W4DNameStatus@@@Z 0041e3c0 f   LIBCMTD:undname.obj
 0001:0001d4c0       ?doPchar@DName@@AAEXPBDH@Z 0041e4c0 f   LIBCMTD:undname.obj
 0001:0001d600       ?isFull@Replicator@@QBEHXZ 0041e600 f i LIBCMTD:undname.obj
 0001:0001d620       ??0Replicator@@QAE@XZ      0041e620 f i LIBCMTD:undname.obj
 0001:0001d640       ??YReplicator@@QAEAAV0@ABVDName@@@Z 0041e640 f   LIBCMTD:undname.obj
 0001:0001d6d0       ??AReplicator@@QBE?AVDName@@H@Z 0041e6d0 f   LIBCMTD:undname.obj
 0001:0001d740       ??0DNameNode@@IAE@XZ       0041e740 f   LIBCMTD:undname.obj
 0001:0001d760       ??0charNode@@QAE@D@Z       0041e760 f   LIBCMTD:undname.obj
 0001:0001d790       ?length@charNode@@UBEHXZ   0041e790 f i LIBCMTD:undname.obj
 0001:0001d7b0       ?getLastChar@charNode@@UBEDXZ 0041e7b0 f i LIBCMTD:undname.obj
 0001:0001d7d0       ?getString@charNode@@UBEPADPAD0@Z 0041e7d0 f i LIBCMTD:undname.obj
 0001:0001d800       ??0pcharNode@@QAE@PBDH@Z   0041e800 f   LIBCMTD:undname.obj
 0001:0001d890       ?length@pcharNode@@UBEHXZ  0041e890 f i LIBCMTD:undname.obj
 0001:0001d8b0       ?getLastChar@pcharNode@@UBEDXZ 0041e8b0 f i LIBCMTD:undname.obj
 0001:0001d8f0       ?getString@pcharNode@@UBEPADPAD0@Z 0041e8f0 f i LIBCMTD:undname.obj
 0001:0001d920       ?getStringHelper@@YAPADPAD00H@Z 0041e920 f i LIBCMTD:undname.obj
 0001:0001d960       ??0pDNameNode@@QAE@PAVDName@@@Z 0041e960 f   LIBCMTD:undname.obj
 0001:0001d9c0       ?length@pDNameNode@@UBEHXZ 0041e9c0 f i LIBCMTD:undname.obj
 0001:0001da00       ?getLastChar@pDNameNode@@UBEDXZ 0041ea00 f i LIBCMTD:undname.obj
 0001:0001da30       ?getString@pDNameNode@@UBEPADPAD0@Z 0041ea30 f i LIBCMTD:undname.obj
 0001:0001da70       ??0DNameStatusNode@@AAE@W4DNameStatus@@@Z 0041ea70 f   LIBCMTD:undname.obj
 0001:0001dac0       ?length@DNameStatusNode@@UBEHXZ 0041eac0 f i LIBCMTD:undname.obj
 0001:0001dae0       ?getLastChar@DNameStatusNode@@UBEDXZ 0041eae0 f i LIBCMTD:undname.obj
[...]
 0003:00001fdc       ?maxStringLength@UnDecorator@@0HA 0045cfdc     LIBCMTD:undname.obj
 0003:00001fe0       ?disableFlags@UnDecorator@@0KA 0045cfe0     LIBCMTD:undname.obj
 0003:00001fe4       ?m_pGetParameter@UnDecorator@@0P6APADJ@ZA 0045cfe4     LIBCMTD:undname.obj
 0003:00001fe8       ?fExplicitTemplateParams@UnDecorator@@0_NA 0045cfe8     LIBCMTD:undname.obj
 0003:00001fe9       ?fGetTemplateArgumentList@UnDecorator@@0_NA 0045cfe9     LIBCMTD:undname.obj
 0003:00002040       ?nodes@?1??make@DNameStatusNode@@SAPAV2@W4DNameStatus@@@Z@4PAV2@A 0045d040     LIBCMTD:undname.obj
 0003:00002070       ??_B?1??make@DNameStatusNode@@SAPAV1@W4DNameStatus@@@Z@51 0045d070     LIBCMTD:undname.obj
 0003:00002078       __newmode                  0045d078     LIBCMTD:_newmode.obj
 0003:00002084       ___sbh_pHeaderDefer        0045d084     LIBCMTD:sbheap.obj
 0003:000020b4       ___lconv_static_null       0045d0b4     LIBCMTD:lconv.obj
 0003:000020c4       ___pPurecall               0045d0c4     LIBCMTD:inithelp.obj
 0003:0000219c       __cflush                   0045d19c     LIBCMTD:_file.obj
 0003:000021a4       __stdbuf                   0045d1a4     LIBCMTD:_sftbuf.obj
 0003:000021b0       ___piob                    0045d1b0     <common>
 0003:000021c0       __bufin                    0045d1c0     <common>
 0003:000031c0       __nstream                  0045e1c0     <common>
 0003:000031c4       ___sse2_available          0045e1c4     <common>
 0003:000031c8       __pfnReportHook            0045e1c8     <common>
 0003:000031cc       __pReportHookListW         0045e1cc     <common>
 0003:000031d0       __pReportHookList          0045e1d0     <common>
 0003:000031d4       ___sbh_initialized         0045e1d4     <common>
 0003:000031d8       ___sbh_cntHeaderList       0045e1d8     <common>
 0003:000031dc       ___sbh_pHeaderList         0045e1dc     <common>
 0003:000031e0       ___sbh_threshold           0045e1e0     <common>
 0003:000031e4       ___sbh_pHeaderScan         0045e1e4     <common>
 0003:000031e8       ___sbh_sizeHeaderList      0045e1e8     <common>
 0003:000031ec       ___sbh_indGroupDefer       0045e1ec     <common>
 0003:000031f0       __debugger_hook_dummy      0045e1f0     <common>
 0003:000031f4       ___active_heap             0045e1f4     <common>
 0003:000031f8       __nhandle                  0045e1f8     <common>
 0003:00003200       ___pioinfo                 0045e200     <common>
 0003:00003300       ___env_initialized         0045e300     <common>
 0003:00003304       ___onexitend               0045e304     <common>
 0003:00003308       ___onexitbegin             0045e308     <common>
 0003:0000330c       ___mbctype_initialized     0045e30c     <common>
 0003:00003310       __FPinit                   0045e310     <common>
 0003:00003314       ___dyn_tls_init_callback   0045e314     <common>
 0003:00003318       ___setlc_active            0045e318     <common>
 0003:0000331c       ___unguarded_readlc_active 0045e31c     <common>
 0003:00003320       __acmdln                   0045e320     <common>

 entry point at        0001:00005150

 Static symbols

 0001:00003370       ?CatchGuardHandler@@YA?AW4_EXCEPTION_DISPOSITION@@PAUEHExceptionRecord@@PAUCatchGuardRN@@PAX2@Z 00404370 f   LIBCMTD:_trnsctrl_.obj
 0001:000034b0       ?TranslatorGuardHandler@@YA?AW4_EXCEPTION_DISPOSITION@@PAUEHExceptionRecord@@PAUTranslatorGuardRN@@PAX2@Z 004044b0 f   LIBCMTD:_trnsctrl_.obj
 0001:00004180       ?strtoxl@@YAKPAUlocaleinfo_struct@@PBDPAPBDHH@Z 00405180 f   LIBCMTD:strtol.obj
 0001:00004e10       __onexit_nolock            00405e10 f   LIBCMTD:onexit.obj
 0001:00005120       ?ArrayUnwindFilter@@YAHPAU_EXCEPTION_POINTERS@@@Z 00406120 f   LIBCMTD:ehvecdtr.obj
 0001:00005170       ___tmainCRTStartup         00406170 f   LIBCMTD:wincrt0.obj
 0001:00005350       _fast_error_exit           00406350 f   LIBCMTD:wincrt0.obj
 0001:00005380       _check_managed_app         00406380 f   LIBCMTD:wincrt0.obj
 0001:00005430       ?DebuggerProbe@@YAHK@Z     00406430 f   LIBCMTD:_error_.obj
 0001:00005520       ?failwithmessage@@YAXPAXHHPBD@Z 00406520 f   LIBCMTD:_error_.obj
 0001:00005730       ?DebuggerRuntime@@YAHKHPAXPB_W@Z 00406730 f   LIBCMTD:_error_.obj
 0001:00005a10       ?_getMemBlockDataString@@YAXPAD00I@Z 00406a10 f   LIBCMTD:_error_.obj
 0001:000067a0       __nh_malloc_dbg_impl       004077a0 f   LIBCMTD:dbgheap.obj
 0001:00006830       __heap_alloc_dbg_impl      00407830 f   LIBCMTD:dbgheap.obj
 0001:00006e40       _realloc_help              00407e40 f   LIBCMTD:dbgheap.obj
 0001:00007f50       _CheckBytes                00408f50 f   LIBCMTD:dbgheap.obj
 0001:00008d70       ?_CrtMemDumpAllObjectsSince_stat@@YAXPBU_CrtMemState@@PAUlocaleinfo_struct@@@Z 00409d70 f   LIBCMTD:dbgheap.obj
 0001:00009080       __printMemBlockData        0040a080 f   LIBCMTD:dbgheap.obj
 0001:0000a6e0       _ValidateLocalCookies      0040b6e0 f   LIBCMTD:chandler4.obj
 0001:0000af10       ?FindHandler@@YAXPAUEHExceptionRecord@@PAUEHRegistrationNode@@PAU_CONTEXT@@PAXPBU_s_FuncInfo@@EH1@Z 0040bf10 f   LIBCMTD:frame.obj
 0001:0000b460       ?FindHandlerForForeignException@@YAXPAUEHExceptionRecord@@PAUEHRegistrationNode@@PAU_CONTEXT@@PAXPBU_s_FuncInfo@@HH1@Z 0040c460 f   LIBCMTD:frame.obj
 0001:0000b890       ?CatchIt@@YAXPAUEHExceptionRecord@@PAUEHRegistrationNode@@PAU_CONTEXT@@PAXPBU_s_FuncInfo@@PBU_s_HandlerType@@PBU_s_CatchableType@@PBU_s_TryBlockMapEntry@@H1E@Z 0040c890 f   LIBCMTD:frame.obj
 0001:0000b950       ?CallCatchBlock@@YAPAXPAUEHExceptionRecord@@PAUEHRegistrationNode@@PAU_CONTEXT@@PBU_s_FuncInfo@@PAXHK@Z 0040c950 f   LIBCMTD:frame.obj
 0001:0000bbe0       ?ExFilterRethrow@@YAHPAU_EXCEPTION_POINTERS@@@Z 0040cbe0 f   LIBCMTD:frame.obj
 0001:0000c840       ?IsInExceptionSpec@@YAEPAUEHExceptionRecord@@PBU_s_ESTypeList@@@Z 0040d840 f   LIBCMTD:frame.obj
 0001:0000c900       ?CallUnexpected@@YAXPBU_s_ESTypeList@@@Z 0040d900 f   LIBCMTD:frame.obj
 0001:0000c94e       __catch$?CallUnexpected@@YAXPBU_s_ESTypeList@@@Z$0 0040d94e f   LIBCMTD:frame.obj
 0001:0000c990       ?Is_bad_exception_allowed@@YAEPBU_s_ESTypeList@@@Z 0040d990 f   LIBCMTD:frame.obj
 0001:0000dd50       ?getSystemCP@@YAHH@Z       0040ed50 f   LIBCMTD:mbctype.obj
 0001:0000e1b0       ?CPtoLCID@@YAHH@Z          0040f1b0 f   LIBCMTD:mbctype.obj
 0001:0000e230       ?setSBCS@@YAXPAUthreadmbcinfostruct@@@Z 0040f230 f   LIBCMTD:mbctype.obj
 0001:0000e310       ?setSBUpLow@@YAXPAUthreadmbcinfostruct@@@Z 0040f310 f   LIBCMTD:mbctype.obj
 0001:0000ed10       __updatetlocinfoEx_nolock  0040fd10 f   LIBCMTD:setlocal.obj
 0001:0000f280       __copytlocinfo_nolock      00410280 f   LIBCMTD:setlocal.obj
 0001:0000f6a0       _sync_legacy_variables_lk  004106a0 f   LIBCMTD:setlocal.obj
 0001:0000f720       __setlocale_nolock         00410720 f   LIBCMTD:setlocal.obj
 0001:0000fb10       __setlocale_set_cat        00410b10 f   LIBCMTD:setlocal.obj
 0001:00010040       __setlocale_get_all        00411040 f   LIBCMTD:setlocal.obj
 0001:00010e90       ?__crtLCMapStringA_stat@@YAHPAUlocaleinfo_struct@@KKPBDHPADHHH@Z 00411e90 f   LIBCMTD:a_map.obj
 0001:00011430       ?strncnt@@YAHPBDH@Z        00412430 f   LIBCMTD:a_map.obj
 0001:00011ad0       _doexit                    00412ad0 f   LIBCMTD:crt0dat.obj
 0001:00011e00       __initterm                 00412e00 f   LIBCMTD:crt0dat.obj
 0001:000123d0       _xcptlookup                004133d0 f   LIBCMTD:winxfltr.obj
 0001:000127d0       _parse_cmdline             004137d0 f   LIBCMTD:stdargv.obj
 0001:00013a70       ?GetPdbDll@@YAPAUHINSTANCE__@@XZ 00414a70 f   LIBCMTD:_pdblkup_.obj
 0001:0001dd30       ?und_strlen@@YAIPBD@Z      0041ed30 f   LIBCMTD:undname.obj
 0001:0001dd70       ?und_memcpy@@YAXPADPBDI@Z  0041ed70 f   LIBCMTD:undname.obj
 0001:0001ddb0       ?und_strncmp@@YAIPBD0I@Z   0041edb0 f   LIBCMTD:undname.obj
 0001:0001e1b4       __unwind_handler4          0041f1b4 f   LIBCMTD:exsup4.obj
 0001:0001e610       __is_LFH_enabled           0041f610 f   LIBCMTD:expand.obj
 0001:000228c0       _ctrlevent_capture@4       004238c0 f   LIBCMTD:winsig.obj
 0001:00022cc0       _siglookup                 00423cc0 f   LIBCMTD:winsig.obj
 0001:00023e28       __unwind_handler           00424e28 f   LIBCMTD:exsup.obj
 0001:00024110       ?__crtGetStringTypeA_stat@@YAHPAUlocaleinfo_struct@@KPBDHPAGHHH@Z 00425110 f   LIBCMTD:a_str.obj
 0001:000248e0       __get_lc_time              004258e0 f   LIBCMTD:inittime.obj
 0001:00025500       _fix_grouping              00426500 f   LIBCMTD:initnum.obj
 0001:00025a70       _fix_grouping              00426a70 f   LIBCMTD:initmon.obj
 0001:00027160       ?_expandtime@@YAHPAUlocaleinfo_struct@@DPBUtm@@PAPADPAIPAU__lc_time_data@@I@Z 00428160 f   LIBCMTD:strftime.obj
 0001:00028130       ?_store_str@@YAXPADPAPADPAI@Z 00429130 f   LIBCMTD:strftime.obj
 0001:00028180       ?_store_num@@YAXHHPAPADPAII@Z 00429180 f   LIBCMTD:strftime.obj
 0001:00028230       ?_store_number@@YAXHPAPADPAI@Z 00429230 f   LIBCMTD:strftime.obj
 0001:000282e0       ?_store_winword@@YAHPAUlocaleinfo_struct@@HPBUtm@@PAPADPAIPAU__lc_time_data@@@Z 004292e0 f   LIBCMTD:strftime.obj
 0001:00029310       _cmpBYTE                   0042a310 f   LIBCMTD:memcmp.obj
 0001:00029340       _cmpResult                 0042a340 f   LIBCMTD:memcmp.obj
 0001:00029360       _unaligned_memcmp          0042a360 f   LIBCMTD:memcmp.obj
 0001:00029a70       _cmpWORD                   0042aa70 f   LIBCMTD:memcmp.obj
 0001:00029af0       _cmpDWORD                  0042aaf0 f   LIBCMTD:memcmp.obj
 0001:0002a250       _TranslateName             0042b250 f   LIBCMTD:getqloc.obj
 0001:0002a2e0       _GetLcidFromLangCountry    0042b2e0 f   LIBCMTD:getqloc.obj
 0001:0002a3a0       _LangCountryEnumProc@4     0042b3a0 f   LIBCMTD:getqloc.obj
 0001:0002a7e0       _GetLcidFromLanguage       0042b7e0 f   LIBCMTD:getqloc.obj
 0001:0002a860       _LanguageEnumProc@4        0042b860 f   LIBCMTD:getqloc.obj
 0001:0002aa00       _GetLcidFromCountry        0042ba00 f   LIBCMTD:getqloc.obj
 0001:0002aa50       _CountryEnumProc@4         0042ba50 f   LIBCMTD:getqloc.obj
 0001:0002ab50       _GetLcidFromDefault        0042bb50 f   LIBCMTD:getqloc.obj
 0001:0002ab90       _ProcessCodePage           0042bb90 f   LIBCMTD:getqloc.obj
 0001:0002ac60       _TestDefaultCountry        0042bc60 f   LIBCMTD:getqloc.obj
 0001:0002acb0       _TestDefaultLanguage       0042bcb0 f   LIBCMTD:getqloc.obj
 0001:0002ad50       _LcidFromHexString         0042bd50 f   LIBCMTD:getqloc.obj
 0001:0002add0       _GetPrimaryLen             0042bdd0 f   LIBCMTD:getqloc.obj
 0001:0002bb70       ?x_ismbbtype_l@@YAHPAUlocaleinfo_struct@@IHH@Z 0042cb70 f   LIBCMTD:ismbbyte.obj
 0001:0002c240       _fastzero_I                0042d240 f   LIBCMTD:p4_memset.obj
 0001:0002c320       _has_osfxsr_set            0042d320 f   LIBCMTD:cpu_disp.obj
 0001:0002d970       _write_char                0042e970 f   LIBCMTD:output.obj
 0001:0002da10       _write_multi_char          0042ea10 f   LIBCMTD:output.obj
 0001:0002da50       _write_string              0042ea50 f   LIBCMTD:output.obj
 0001:0002e890       _fastcopy_I                0042f890 f   LIBCMTD:p4_memcpy.obj
 0001:0002f0f0       _xtoa_s@20                 004300f0 f   LIBCMTD:xtoas.obj
 0001:0002f510       @x64toa_s@24               00430510 f   LIBCMTD:xtoas.obj
 0001:0002fd70       ?wcsncnt@@YAIPB_WI@Z       00430d70 f   LIBCMTD:wcstombs.obj
 0001:00030fb0       _xtow_s@20                 00431fb0 f   LIBCMTD:xtows.obj
 0001:000313e0       @x64tow_s@24               004323e0 f   LIBCMTD:xtows.obj
 0001:00032870       _write_char                00433870 f   LIBCMTD:woutput.obj
 0001:000328d0       _write_multi_char          004338d0 f   LIBCMTD:woutput.obj
 0001:00032910       _write_string              00433910 f   LIBCMTD:woutput.obj
 0001:00033300       __tzset_nolock             00434300 f   LIBCMTD:tzset.obj
 0001:00033910       __isindst_nolock           00434910 f   LIBCMTD:tzset.obj
 0001:00033c70       _cvtdate                   00434c70 f   LIBCMTD:tzset.obj
 0001:00034380       ?__crtGetLocaleInfoW_stat@@YAHPAUlocaleinfo_struct@@KKPA_WHH@Z 00435380 f   LIBCMTD:w_loc.obj
 0001:000343f0       ?__crtGetLocaleInfoA_stat@@YAHPAUlocaleinfo_struct@@KKPADHH@Z 004353f0 f   LIBCMTD:a_loc.obj
 0001:000345d0       ?strtoxq@@YA_KPAUlocaleinfo_struct@@PBDPAPBDHH@Z 004355d0 f   LIBCMTD:strtoq.obj
 0001:0003a4a0       _write_char                0043b4a0 f   LIBCMTD:outputp.obj
 0001:0003a540       _write_multi_char          0043b540 f   LIBCMTD:outputp.obj
 0001:0003a580       _write_string              0043b580 f   LIBCMTD:outputp.obj
 0001:0003ba50       _write_char                0043ca50 f   LIBCMTD:outputs.obj
 0001:0003baf0       _write_multi_char          0043caf0 f   LIBCMTD:outputs.obj
 0001:0003bb30       _write_string              0043cb30 f   LIBCMTD:outputs.obj
 0001:0003cdc0       _write_char                0043ddc0 f   LIBCMTD:woutputs.obj
 0001:0003ce20       _write_multi_char          0043de20 f   LIBCMTD:woutputs.obj
 0001:0003ce60       _write_string              0043de60 f   LIBCMTD:woutputs.obj
 0001:00040790       _write_char                00441790 f   LIBCMTD:woutputp.obj
 0001:000407f0       _write_multi_char          004417f0 f   LIBCMTD:woutputp.obj
 0001:00040830       _write_string              00441830 f   LIBCMTD:woutputp.obj
 0001:00040f60       ?__crtGetStringTypeW_stat@@YAHPAUlocaleinfo_struct@@KPB_WHPAGHH@Z 00441f60 f   LIBCMTD:w_str.obj
 0001:00041290       __getenv_s_helper          00442290 f   LIBCMTD:getenv.obj
 0001:00041500       __dupenv_s_helper          00442500 f   LIBCMTD:getenv.obj
 0001:00042690       _flsall                    00443690 f   LIBCMTD:fflush.obj
 0001:00042c60       ?wcstoxl@@YAKPAUlocaleinfo_struct@@PB_WPAPB_WHH@Z 00443c60 f   LIBCMTD:wcstol.obj
 0001:00044020       ?__crtCompareStringA_stat@@YAHPAUlocaleinfo_struct@@KKPBDH1HH@Z 00445020 f   LIBCMTD:a_cmp.obj
 0001:00044530       ?strncnt@@YAHPBDH@Z        00445530 f   LIBCMTD:a_cmp.obj
 0001:00044cf0       _findenv                   00445cf0 f   LIBCMTD:setenv.obj
 0001:00044d70       _copy_environ              00445d70 f   LIBCMTD:setenv.obj
 0001:000456c0       __unwindfunclet$?InsertColumn@CListUIEx@@QAEHHPBDIH@Z$0 004466c0 f   ListEx.obj
 0001:000456cb       __ehhandler$?InsertColumn@CListUIEx@@QAEHHPBDIH@Z 004466cb f   ListEx.obj
 0001:000456e6       __unwindfunclet$?InsertItem@CListUIEx@@QAEHHH@Z$0 004466e6 f   ListEx.obj
 0001:000456f1       __unwindfunclet$?InsertItem@CListUIEx@@QAEHHH@Z$1 004466f1 f   ListEx.obj
 0001:000456fc       __ehhandler$?InsertItem@CListUIEx@@QAEHHH@Z 004466fc f   ListEx.obj
 0001:00045717       __unwindfunclet$?SetItemData@CListUIEx@@QAEXHHPBD0@Z$0 00446717 f   ListEx.obj
 0001:00045722       __ehhandler$?SetItemData@CListUIEx@@QAEXHHPBD0@Z 00446722 f   ListEx.obj
 0001:00045740       __unwindfunclet$?SortCompare@@YGHPBD0@Z$0 00446740 f   ListExMainWnd.obj
 0001:00045752       __unwindfunclet$?SortCompare@@YGHPBD0@Z$1 00446752 f   ListExMainWnd.obj
 0001:00045767       __ehhandler$?SortCompare@@YGHPBD0@Z 00446767 f   ListExMainWnd.obj
 0001:0004578f       __unwindfunclet$?OnClick@CListExMainWnd@@MAEXAAUtagTNotifyUI@DuiLib@@@Z$0 0044678f f   ListExMainWnd.obj
 0001:000457a4       __unwindfunclet$?OnClick@CListExMainWnd@@MAEXAAUtagTNotifyUI@DuiLib@@@Z$1 004467a4 f   ListExMainWnd.obj
 0001:000457b9       __unwindfunclet$?OnClick@CListExMainWnd@@MAEXAAUtagTNotifyUI@DuiLib@@@Z$2 004467b9 f   ListExMainWnd.obj
 0001:000457ce       __unwindfunclet$?OnClick@CListExMainWnd@@MAEXAAUtagTNotifyUI@DuiLib@@@Z$3 004467ce f   ListExMainWnd.obj
 0001:000457e3       __unwindfunclet$?OnClick@CListExMainWnd@@MAEXAAUtagTNotifyUI@DuiLib@@@Z$4 004467e3 f   ListExMainWnd.obj
 0001:000457f8       __unwindfunclet$?OnClick@CListExMainWnd@@MAEXAAUtagTNotifyUI@DuiLib@@@Z$5 004467f8 f   ListExMainWnd.obj
 0001:00045806       __unwindfunclet$?OnClick@CListExMainWnd@@MAEXAAUtagTNotifyUI@DuiLib@@@Z$6 00446806 f   ListExMainWnd.obj
 0001:00045814       __unwindfunclet$?OnClick@CListExMainWnd@@MAEXAAUtagTNotifyUI@DuiLib@@@Z$7 00446814 f   ListExMainWnd.obj
 0001:00045829       __unwindfunclet$?OnClick@CListExMainWnd@@MAEXAAUtagTNotifyUI@DuiLib@@@Z$8 00446829 f   ListExMainWnd.obj
 0001:00045837       __unwindfunclet$?OnClick@CListExMainWnd@@MAEXAAUtagTNotifyUI@DuiLib@@@Z$9 00446837 f   ListExMainWnd.obj
 0001:00045845       __ehhandler$?OnClick@CListExMainWnd@@MAEXAAUtagTNotifyUI@DuiLib@@@Z 00446845 f   ListExMainWnd.obj
 0001:0004586d       __unwindfunclet$?OnHeaderClick@CListExMainWnd@@MAEXAAUtagTNotifyUI@DuiLib@@@Z$0 0044686d f   ListExMainWnd.obj
 0001:0004587f       __ehhandler$?OnHeaderClick@CListExMainWnd@@MAEXAAUtagTNotifyUI@DuiLib@@@Z 0044687f f   ListExMainWnd.obj
 0001:000458a4       __unwindfunclet$?InitWindow@CListExMainWnd@@UAEXXZ$0 004468a4 f   ListExMainWnd.obj
 0001:000458b9       __ehhandler$?InitWindow@CListExMainWnd@@UAEXXZ 004468b9 f   ListExMainWnd.obj
 0001:000458f0       __unwindfunclet$??__E?_messageEntries@CListExMainWnd@@0QBUDUI_MSGMAP_ENTRY@DuiLib@@B@@YAXXZ$0 004468f0 f   ListExMainWnd.obj
 0001:00045904       __unwindfunclet$??__E?_messageEntries@CListExMainWnd@@0QBUDUI_MSGMAP_ENTRY@DuiLib@@B@@YAXXZ$2 00446904 f   ListExMainWnd.obj
 0001:0004590e       __unwindfunclet$??__E?_messageEntries@CListExMainWnd@@0QBUDUI_MSGMAP_ENTRY@DuiLib@@B@@YAXXZ$3 0044690e f   ListExMainWnd.obj
 0001:00045922       __unwindfunclet$??__E?_messageEntries@CListExMainWnd@@0QBUDUI_MSGMAP_ENTRY@DuiLib@@B@@YAXXZ$5 00446922 f   ListExMainWnd.obj
 0001:0004592c       __unwindfunclet$??__E?_messageEntries@CListExMainWnd@@0QBUDUI_MSGMAP_ENTRY@DuiLib@@B@@YAXXZ$6 0044692c f   ListExMainWnd.obj
 0001:00045940       __ehhandler$??__E?_messageEntries@CListExMainWnd@@0QBUDUI_MSGMAP_ENTRY@DuiLib@@B@@YAXXZ 00446940 f   ListExMainWnd.obj
 0001:00045960       __unwindfunclet$??1DUI_MSGMAP_ENTRY@DuiLib@@QAE@XZ$0 00446960 f   ListExMainWnd.obj
 0001:00045972       __ehhandler$??1DUI_MSGMAP_ENTRY@DuiLib@@QAE@XZ 00446972 f   ListExMainWnd.obj
 0001:00045990       __unwindfunclet$?strtoxl@@YAKPAUlocaleinfo_struct@@PBDPAPBDHH@Z$0 00446990 f   LIBCMTD:strtol.obj
 0001:00045998       __ehhandler$?strtoxl@@YAKPAUlocaleinfo_struct@@PBDPAPBDHH@Z 00446998 f   LIBCMTD:strtol.obj
 0001:000459c0       __ehhandler$?CallUnexpected@@YAXPBU_s_ESTypeList@@@Z 004469c0 f   LIBCMTD:frame.obj
 0001:000459e0       __unwindfunclet$?getSystemCP@@YAHH@Z$0 004469e0 f   LIBCMTD:mbctype.obj
 0001:000459e8       __ehhandler$?getSystemCP@@YAHH@Z 004469e8 f   LIBCMTD:mbctype.obj
 0001:00045a10       __unwindfunclet$?make@DNameStatusNode@@SAPAV1@W4DNameStatus@@@Z$0 00446a10 f   LIBCMTD:undname.obj
 0001:00045a1e       __ehhandler$?make@DNameStatusNode@@SAPAV1@W4DNameStatus@@@Z 00446a1e f   LIBCMTD:undname.obj
 0001:00045a40       __unwindfunclet$?x_ismbbtype_l@@YAHPAUlocaleinfo_struct@@IHH@Z$0 00446a40 f   LIBCMTD:ismbbyte.obj
 0001:00045a48       __ehhandler$?x_ismbbtype_l@@YAHPAUlocaleinfo_struct@@IHH@Z 00446a48 f   LIBCMTD:ismbbyte.obj
 0001:00045a70       __unwindfunclet$?strtoxq@@YA_KPAUlocaleinfo_struct@@PBDPAPBDHH@Z$0 00446a70 f   LIBCMTD:strtoq.obj
 0001:00045a78       __ehhandler$?strtoxq@@YA_KPAUlocaleinfo_struct@@PBDPAPBDHH@Z 00446a78 f   LIBCMTD:strtoq.obj
 0001:00045aa0       __unwindfunclet$?wcstoxl@@YAKPAUlocaleinfo_struct@@PB_WPAPB_WHH@Z$0 00446aa0 f   LIBCMTD:wcstol.obj
 0001:00045aa8       __ehhandler$?wcstoxl@@YAKPAUlocaleinfo_struct@@PB_WPAPB_WHH@Z 00446aa8 f   LIBCMTD:wcstol.obj
 0001:00045ad0       ??__EsSortRow@@YAXXZ       00446ad0 f   ListExMainWnd.obj
 0001:00045b10       ??__E?_messageEntries@CListExMainWnd@@0QBUDUI_MSGMAP_ENTRY@DuiLib@@B@@YAXXZ 00446b10 f   ListExMainWnd.obj
 0001:00045d10       ??__FsSortRow@@YAXXZ       00446d10 f   ListExMainWnd.obj
 0001:00045d40       ??__F?_messageEntries@CListExMainWnd@@0QBUDUI_MSGMAP_ENTRY@DuiLib@@B@@YAXXZ 00446d40 f   ListExMainWnd.obj
 0001:00045d70       ??__Fnomem@?5???2@YAPAXI@Z@YAXXZ 00446d70 f   LIBCMTD:new.obj
